nohup: ignoring input
[2026-06-20 19:33:51] Dataset repo: data/grasp_pipette_and_press_button_106ep
[2026-06-20 19:33:51] Asset id: grasp_pipette_and_press_button_106ep
[2026-06-20 19:33:51] Python: env/.venv/bin/python
[2026-06-20 19:33:51] Weight path: checkpoints/pi0_base/params
[2026-06-20 19:33:51] Train steps: 20000, batch: 4, fsdp devices: 4
[2026-06-20 19:33:51] Save interval: 5000, keep period: 5000, run tag: 106ep_20k_0620
[2026-06-20 19:33:51] Stage 1/3: normalization A/B/C/D in parallel on GPUs 0/1/2/3
[2026-06-20 19:33:51] Computing normalization stats: config=pi0_xhand_full_finetune, GPU=0, asset=grasp_pipette_and_press_button_106ep
[2026-06-20 19:33:51] Normalization started: config=pi0_xhand_full_finetune, GPU=0, PID=128265, log=logs/norm_pi0_xhand_full_finetune_106ep_20k_0620.log
[2026-06-20 19:33:51] Computing normalization stats: config=pi0_xhand_tactile_obs_ae_full_finetune, GPU=1, asset=grasp_pipette_and_press_button_106ep
[2026-06-20 19:33:51] Normalization started: config=pi0_xhand_tactile_obs_ae_full_finetune, GPU=1, PID=128269, log=logs/norm_pi0_xhand_tactile_obs_ae_full_finetune_106ep_20k_0620.log
[2026-06-20 19:33:51] Normalization started: config=pi0_xhand_tactile_structured_single_ae, GPU=2, PID=128273, log=logs/norm_pi0_xhand_tactile_structured_single_ae_106ep_20k_0620.log
[2026-06-20 19:33:51] Computing normalization stats: config=pi0_xhand_tactile_structured_single_ae, GPU=2, asset=grasp_pipette_and_press_button_106ep
[2026-06-20 19:33:51] Normalization started: config=pi0_xhand_tactile_structured_dual_ae, GPU=3, PID=128276, log=logs/norm_pi0_xhand_tactile_structured_dual_ae_106ep_20k_0620.log
[2026-06-20 19:33:51] Computing normalization stats: config=pi0_xhand_tactile_structured_dual_ae, GPU=3, asset=grasp_pipette_and_press_button_106ep
[2026-06-20 21:12:09] norm_pi0_xhand_full_finetune completed successfully.
[2026-06-20 21:12:46] norm_pi0_xhand_tactile_obs_ae_full_finetune completed successfully.
[2026-06-20 21:47:38] norm_pi0_xhand_tactile_structured_single_ae completed successfully.
[2026-06-20 21:47:38] norm_pi0_xhand_tactile_structured_dual_ae completed successfully.
[2026-06-20 21:47:38] All normalization stats completed successfully.
[2026-06-20 21:47:38] Stage 2/3: launch A on GPUs 0-3 and B on GPUs 4-7
[2026-06-20 21:47:38] Starting A: config=pi0_xhand_full_finetune, GPUs=0,1,2,3, batch=4, steps=20000
[2026-06-20 21:47:38] A started: PID=200008, GPUs=0,1,2,3, log=logs/A_no_tactile_106ep_20k_0620.log
[2026-06-20 21:47:38] Starting B: config=pi0_xhand_tactile_obs_ae_full_finetune, GPUs=4,5,6,7, batch=4, steps=20000
[2026-06-20 21:47:38] B started: PID=200011, GPUs=4,5,6,7, log=logs/B_current_tactile_106ep_20k_0620.log
[2026-06-21 01:58:19] A completed successfully.
[2026-06-21 01:58:20] B completed successfully.
[2026-06-21 01:58:20] A and B completed successfully.
[2026-06-21 01:58:20] Stage 3/3: launch C on GPUs 0-3 and D on GPUs 4-7
[2026-06-21 01:58:20] Starting C: config=pi0_xhand_tactile_structured_single_ae, GPUs=0,1,2,3, batch=4, steps=20000
[2026-06-21 01:58:20] C started: PID=318996, GPUs=0,1,2,3, log=logs/C_structured_single_ae_106ep_20k_0620.log
[2026-06-21 01:58:20] Starting D: config=pi0_xhand_tactile_structured_dual_ae, GPUs=4,5,6,7, batch=4, steps=20000
[2026-06-21 01:58:20] D started: PID=318999, GPUs=4,5,6,7, log=logs/D_structured_dual_ae_106ep_20k_0620.log
[2026-06-21 08:07:07] C completed successfully.
[2026-06-21 08:13:27] D completed successfully.
[2026-06-21 08:13:27] All A/B/C/D experiments completed successfully.
