nohup: ignoring input
[2026-06-28 02:46:17] Stage 1/2: normalization for data/task1_2_3_315ep (asset=task1_2_3_315ep)
[2026-06-28 02:46:17] Dataset=data/task1_2_3_315ep, asset=task1_2_3_315ep
[2026-06-28 02:46:17] GPU pool=0,1,2,3,4,5,6,7, min free=50000 MiB, max util=20%
[2026-06-28 02:46:17] Starting pi0_xhand_tactile_structured_dual_ae on GPU 0; log=logs/norm_pi0_xhand_tactile_structured_dual_ae_task1_2_3_315ep_pool_30k_0628.log
[2026-06-28 02:46:17] Launched pi0_xhand_tactile_structured_dual_ae: PID=63471, GPU=0
[2026-06-28 02:46:17] Starting pi0_xhand_tactile_structured_raw_dual_ae on GPU 1; log=logs/norm_pi0_xhand_tactile_structured_raw_dual_ae_task1_2_3_315ep_pool_30k_0628.log
[2026-06-28 02:46:17] Launched pi0_xhand_tactile_structured_raw_dual_ae: PID=63540, GPU=1
[2026-06-28 07:41:48] Completed pi0_xhand_tactile_structured_dual_ae on GPU 0: assets/pi0_xhand_tactile_structured_dual_ae/task1_2_3_315ep/norm_stats.json
[2026-06-28 07:43:18] Completed pi0_xhand_tactile_structured_raw_dual_ae on GPU 1: assets/pi0_xhand_tactile_structured_raw_dual_ae/task1_2_3_315ep/norm_stats.json
[2026-06-28 07:43:18] All requested normalization jobs completed successfully.
[2026-06-28 07:43:18] Stage 1/2: normalization for data/task1_2_3_315ep (asset=task1_2_3_315ep)
[2026-06-28 07:43:18] Skipping existing stats: assets/pi0_xhand_tactile_structured_dual_ae/task1_2_3_315ep/norm_stats.json
[2026-06-28 07:43:18] Skipping existing stats: assets/pi0_xhand_tactile_structured_raw_dual_ae/task1_2_3_315ep/norm_stats.json
[2026-06-28 07:43:18] All requested normalization files already exist for asset task1_2_3_315ep.
[2026-06-28 07:43:18] Stage 2/2: queued training for history/future pooled ablations
[2026-06-28 07:43:18] No-tactile assets: assets/pi0_xhand_tactile_structured_dual_ae
[2026-06-28 07:43:18] Calc tactile assets: assets/pi0_xhand_tactile_structured_dual_ae
[2026-06-28 07:43:18] Raw tactile assets: assets/pi0_xhand_tactile_structured_raw_dual_ae
[2026-06-28 07:43:18] Patch raw tactile assets: assets/pi0_xhand_tactile_structured_raw_dual_ae
[2026-06-28 07:43:18] Dataset: data/task1_2_3_315ep
[2026-06-28 07:43:18] Asset ID: task1_2_3_315ep
[2026-06-28 07:43:18] Jobs: 4, steps=30000, batch=8, FSDP=1
[2026-06-28 07:43:18] Run tag: task1_2_3_315ep_pool_30k_0628
[2026-06-28 07:43:18] Checkpoint overwrite is disabled; existing checkpoint dirs will stop the scheduler.
[2026-06-28 07:43:18] Two GPU slots: 0,1,2,3 and 4,5,6,7
[2026-06-28 07:43:18] GPU gate: every GPU in a slot must have at least 70000 MiB free.
[2026-06-28 07:43:18] GPU polling interval: 60s
[2026-06-28 07:43:18] Starting A_pi0_full: config=pi0_xhand_full_finetune, GPUs=0,1,2,3, assets=assets/pi0_xhand_tactile_structured_dual_ae
[2026-06-28 07:43:18] Started A_pi0_full: PID=111426, log=logs/A_pi0_full_task1_2_3_315ep_pool_30k_0628.log
[2026-06-28 07:43:18] Starting B_calc_dual_ae_history_future_pool: config=pi0_xhand_tactile_structured_dual_ae_history_future_pool, GPUs=4,5,6,7, assets=assets/pi0_xhand_tactile_structured_dual_ae
[2026-06-28 07:43:18] Started B_calc_dual_ae_history_future_pool: PID=111429, log=logs/B_calc_dual_ae_history_future_pool_task1_2_3_315ep_pool_30k_0628.log
[2026-06-28 07:43:18] Waiting for a free four-GPU slot (threshold=70000MiB): slot0[GPU0=81226MiB,GPU1=81226MiB,GPU2=81226MiB,GPU3=81226MiB] slot1[GPU4=81226MiB,GPU5=81226MiB,GPU6=81226MiB,GPU7=81226MiB]
[2026-06-28 07:48:19] Waiting for a free four-GPU slot (threshold=70000MiB): slot0[GPU0=80795MiB,GPU1=80803MiB,GPU2=80803MiB,GPU3=80803MiB] slot1[GPU4=80795MiB,GPU5=80803MiB,GPU6=80803MiB,GPU7=80803MiB]
[2026-06-28 07:53:20] Waiting for a free four-GPU slot (threshold=70000MiB): slot0[GPU0=63929MiB,GPU1=63933MiB,GPU2=63933MiB,GPU3=63933MiB] slot1[GPU4=80321MiB,GPU5=80325MiB,GPU6=80325MiB,GPU7=80325MiB]
[2026-06-28 07:58:20] Waiting for a free four-GPU slot (threshold=70000MiB): slot0[GPU0=19367MiB,GPU1=19375MiB,GPU2=19375MiB,GPU3=19375MiB] slot1[GPU4=19369MiB,GPU5=19401MiB,GPU6=19401MiB,GPU7=19401MiB]
[2026-06-28 08:03:21] Waiting for a free four-GPU slot (threshold=70000MiB): slot0[GPU0=19367MiB,GPU1=19375MiB,GPU2=19375MiB,GPU3=19375MiB] slot1[GPU4=19369MiB,GPU5=19401MiB,GPU6=19401MiB,GPU7=19401MiB]
[2026-06-28 08:08:22] Waiting for a free four-GPU slot (threshold=70000MiB): slot0[GPU0=19367MiB,GPU1=19375MiB,GPU2=19375MiB,GPU3=19375MiB] slot1[GPU4=19353MiB,GPU5=19359MiB,GPU6=19359MiB,GPU7=19359MiB]
[2026-06-28 08:13:23] Waiting for a free four-GPU slot (threshold=70000MiB): slot0[GPU0=19367MiB,GPU1=19375MiB,GPU2=19375MiB,GPU3=19375MiB] slot1[GPU4=19353MiB,GPU5=19359MiB,GPU6=19359MiB,GPU7=19359MiB]
[2026-06-28 08:18:23] Waiting for a free four-GPU slot (threshold=70000MiB): slot0[GPU0=19367MiB,GPU1=19375MiB,GPU2=19375MiB,GPU3=19375MiB] slot1[GPU4=19353MiB,GPU5=19359MiB,GPU6=19359MiB,GPU7=19359MiB]
[2026-06-28 08:23:24] Waiting for a free four-GPU slot (threshold=70000MiB): slot0[GPU0=19367MiB,GPU1=19375MiB,GPU2=19375MiB,GPU3=19375MiB] slot1[GPU4=19353MiB,GPU5=19359MiB,GPU6=19359MiB,GPU7=19359MiB]
[2026-06-28 08:28:25] Waiting for a free four-GPU slot (threshold=70000MiB): slot0[GPU0=19367MiB,GPU1=19375MiB,GPU2=19375MiB,GPU3=19375MiB] slot1[GPU4=19353MiB,GPU5=19359MiB,GPU6=19359MiB,GPU7=19359MiB]
[2026-06-28 08:33:25] Waiting for a free four-GPU slot (threshold=70000MiB): slot0[GPU0=19367MiB,GPU1=19375MiB,GPU2=19375MiB,GPU3=19375MiB] slot1[GPU4=19353MiB,GPU5=19359MiB,GPU6=19359MiB,GPU7=19359MiB]
[2026-06-28 08:38:26] Waiting for a free four-GPU slot (threshold=70000MiB): slot0[GPU0=19367MiB,GPU1=19375MiB,GPU2=19375MiB,GPU3=19375MiB] slot1[GPU4=19353MiB,GPU5=19359MiB,GPU6=19359MiB,GPU7=19359MiB]
[2026-06-28 08:43:27] Waiting for a free four-GPU slot (threshold=70000MiB): slot0[GPU0=19367MiB,GPU1=19375MiB,GPU2=19375MiB,GPU3=19375MiB] slot1[GPU4=19353MiB,GPU5=19359MiB,GPU6=19359MiB,GPU7=19359MiB]
[2026-06-28 08:48:28] Waiting for a free four-GPU slot (threshold=70000MiB): slot0[GPU0=19365MiB,GPU1=19373MiB,GPU2=19373MiB,GPU3=19373MiB] slot1[GPU4=19353MiB,GPU5=19359MiB,GPU6=19359MiB,GPU7=19359MiB]
[2026-06-28 08:53:29] Waiting for a free four-GPU slot (threshold=70000MiB): slot0[GPU0=19365MiB,GPU1=19373MiB,GPU2=19373MiB,GPU3=19373MiB] slot1[GPU4=19353MiB,GPU5=19359MiB,GPU6=19359MiB,GPU7=19359MiB]
[2026-06-28 08:58:31] Waiting for a free four-GPU slot (threshold=70000MiB): slot0[GPU0=19365MiB,GPU1=19373MiB,GPU2=19373MiB,GPU3=19373MiB] slot1[GPU4=19353MiB,GPU5=19359MiB,GPU6=19359MiB,GPU7=19359MiB]
[2026-06-28 09:03:32] Waiting for a free four-GPU slot (threshold=70000MiB): slot0[GPU0=19365MiB,GPU1=19373MiB,GPU2=19373MiB,GPU3=19373MiB] slot1[GPU4=19353MiB,GPU5=19359MiB,GPU6=19359MiB,GPU7=19359MiB]
[2026-06-28 09:08:33] Waiting for a free four-GPU slot (threshold=70000MiB): slot0[GPU0=19365MiB,GPU1=19373MiB,GPU2=19373MiB,GPU3=19373MiB] slot1[GPU4=19353MiB,GPU5=19359MiB,GPU6=19359MiB,GPU7=19359MiB]
[2026-06-28 09:13:34] Waiting for a free four-GPU slot (threshold=70000MiB): slot0[GPU0=19365MiB,GPU1=19373MiB,GPU2=19373MiB,GPU3=19373MiB] slot1[GPU4=19353MiB,GPU5=19359MiB,GPU6=19359MiB,GPU7=19359MiB]
[2026-06-28 09:18:34] Waiting for a free four-GPU slot (threshold=70000MiB): slot0[GPU0=19365MiB,GPU1=19373MiB,GPU2=19373MiB,GPU3=19373MiB] slot1[GPU4=19353MiB,GPU5=19359MiB,GPU6=19359MiB,GPU7=19359MiB]
[2026-06-28 09:23:36] Waiting for a free four-GPU slot (threshold=70000MiB): slot0[GPU0=19365MiB,GPU1=19373MiB,GPU2=19373MiB,GPU3=19373MiB] slot1[GPU4=19353MiB,GPU5=19359MiB,GPU6=19359MiB,GPU7=19359MiB]
[2026-06-28 09:28:36] Waiting for a free four-GPU slot (threshold=70000MiB): slot0[GPU0=19365MiB,GPU1=19373MiB,GPU2=19373MiB,GPU3=19373MiB] slot1[GPU4=19353MiB,GPU5=19359MiB,GPU6=19359MiB,GPU7=19359MiB]
[2026-06-28 09:33:38] Waiting for a free four-GPU slot (threshold=70000MiB): slot0[GPU0=19365MiB,GPU1=19373MiB,GPU2=19373MiB,GPU3=19373MiB] slot1[GPU4=19353MiB,GPU5=19359MiB,GPU6=19359MiB,GPU7=19359MiB]
[2026-06-28 09:38:39] Waiting for a free four-GPU slot (threshold=70000MiB): slot0[GPU0=19365MiB,GPU1=19373MiB,GPU2=19373MiB,GPU3=19373MiB] slot1[GPU4=19353MiB,GPU5=19359MiB,GPU6=19359MiB,GPU7=19359MiB]
[2026-06-28 09:43:40] Waiting for a free four-GPU slot (threshold=70000MiB): slot0[GPU0=19365MiB,GPU1=19373MiB,GPU2=19373MiB,GPU3=19373MiB] slot1[GPU4=19353MiB,GPU5=19359MiB,GPU6=19359MiB,GPU7=19359MiB]
[2026-06-28 09:48:40] Waiting for a free four-GPU slot (threshold=70000MiB): slot0[GPU0=19365MiB,GPU1=19373MiB,GPU2=19373MiB,GPU3=19373MiB] slot1[GPU4=19353MiB,GPU5=19359MiB,GPU6=19359MiB,GPU7=19359MiB]
[2026-06-28 09:53:42] Waiting for a free four-GPU slot (threshold=70000MiB): slot0[GPU0=19365MiB,GPU1=19373MiB,GPU2=19373MiB,GPU3=19373MiB] slot1[GPU4=19353MiB,GPU5=19359MiB,GPU6=19359MiB,GPU7=19359MiB]
[2026-06-28 09:58:43] Waiting for a free four-GPU slot (threshold=70000MiB): slot0[GPU0=19365MiB,GPU1=19373MiB,GPU2=19373MiB,GPU3=19373MiB] slot1[GPU4=19353MiB,GPU5=19359MiB,GPU6=19359MiB,GPU7=19359MiB]
[2026-06-28 10:03:43] Waiting for a free four-GPU slot (threshold=70000MiB): slot0[GPU0=19365MiB,GPU1=19373MiB,GPU2=19373MiB,GPU3=19373MiB] slot1[GPU4=19353MiB,GPU5=19359MiB,GPU6=19359MiB,GPU7=19359MiB]
[2026-06-28 10:08:45] Waiting for a free four-GPU slot (threshold=70000MiB): slot0[GPU0=19365MiB,GPU1=19373MiB,GPU2=19373MiB,GPU3=19373MiB] slot1[GPU4=19353MiB,GPU5=19359MiB,GPU6=19359MiB,GPU7=19359MiB]
[2026-06-28 10:13:45] Waiting for a free four-GPU slot (threshold=70000MiB): slot0[GPU0=19365MiB,GPU1=19373MiB,GPU2=19373MiB,GPU3=19373MiB] slot1[GPU4=19353MiB,GPU5=19359MiB,GPU6=19359MiB,GPU7=19359MiB]
[2026-06-28 10:18:47] Waiting for a free four-GPU slot (threshold=70000MiB): slot0[GPU0=19365MiB,GPU1=19373MiB,GPU2=19373MiB,GPU3=19373MiB] slot1[GPU4=19353MiB,GPU5=19359MiB,GPU6=19359MiB,GPU7=19359MiB]
[2026-06-28 10:23:47] Waiting for a free four-GPU slot (threshold=70000MiB): slot0[GPU0=19365MiB,GPU1=19373MiB,GPU2=19373MiB,GPU3=19373MiB] slot1[GPU4=19353MiB,GPU5=19359MiB,GPU6=19359MiB,GPU7=19359MiB]
[2026-06-28 10:28:47] Waiting for a free four-GPU slot (threshold=70000MiB): slot0[GPU0=19365MiB,GPU1=19373MiB,GPU2=19373MiB,GPU3=19373MiB] slot1[GPU4=19353MiB,GPU5=19359MiB,GPU6=19359MiB,GPU7=19359MiB]
[2026-06-28 10:33:48] Waiting for a free four-GPU slot (threshold=70000MiB): slot0[GPU0=19365MiB,GPU1=19373MiB,GPU2=19373MiB,GPU3=19373MiB] slot1[GPU4=19353MiB,GPU5=19359MiB,GPU6=19359MiB,GPU7=19359MiB]
[2026-06-28 10:38:49] Waiting for a free four-GPU slot (threshold=70000MiB): slot0[GPU0=19365MiB,GPU1=19373MiB,GPU2=19373MiB,GPU3=19373MiB] slot1[GPU4=19353MiB,GPU5=19359MiB,GPU6=19359MiB,GPU7=19359MiB]
[2026-06-28 10:43:51] Waiting for a free four-GPU slot (threshold=70000MiB): slot0[GPU0=19365MiB,GPU1=19373MiB,GPU2=19373MiB,GPU3=19373MiB] slot1[GPU4=19353MiB,GPU5=19359MiB,GPU6=19359MiB,GPU7=19359MiB]
[2026-06-28 10:48:52] Waiting for a free four-GPU slot (threshold=70000MiB): slot0[GPU0=19365MiB,GPU1=19373MiB,GPU2=19373MiB,GPU3=19373MiB] slot1[GPU4=19353MiB,GPU5=19359MiB,GPU6=19359MiB,GPU7=19359MiB]
[2026-06-28 10:53:54] Waiting for a free four-GPU slot (threshold=70000MiB): slot0[GPU0=19365MiB,GPU1=19373MiB,GPU2=19373MiB,GPU3=19373MiB] slot1[GPU4=19353MiB,GPU5=19359MiB,GPU6=19359MiB,GPU7=19359MiB]
[2026-06-28 10:58:54] Waiting for a free four-GPU slot (threshold=70000MiB): slot0[GPU0=19365MiB,GPU1=19373MiB,GPU2=19373MiB,GPU3=19373MiB] slot1[GPU4=19353MiB,GPU5=19359MiB,GPU6=19359MiB,GPU7=19359MiB]
[2026-06-28 11:03:56] Waiting for a free four-GPU slot (threshold=70000MiB): slot0[GPU0=19365MiB,GPU1=19373MiB,GPU2=19373MiB,GPU3=19373MiB] slot1[GPU4=19353MiB,GPU5=19359MiB,GPU6=19359MiB,GPU7=19359MiB]
[2026-06-28 11:08:56] Waiting for a free four-GPU slot (threshold=70000MiB): slot0[GPU0=19365MiB,GPU1=19373MiB,GPU2=19373MiB,GPU3=19373MiB] slot1[GPU4=19353MiB,GPU5=19359MiB,GPU6=19359MiB,GPU7=19359MiB]
[2026-06-28 11:13:58] Waiting for a free four-GPU slot (threshold=70000MiB): slot0[GPU0=19365MiB,GPU1=19373MiB,GPU2=19373MiB,GPU3=19373MiB] slot1[GPU4=19353MiB,GPU5=19359MiB,GPU6=19359MiB,GPU7=19359MiB]
[2026-06-28 11:18:58] Waiting for a free four-GPU slot (threshold=70000MiB): slot0[GPU0=19365MiB,GPU1=19373MiB,GPU2=19373MiB,GPU3=19373MiB] slot1[GPU4=19353MiB,GPU5=19359MiB,GPU6=19359MiB,GPU7=19359MiB]
[2026-06-28 11:24:00] Waiting for a free four-GPU slot (threshold=70000MiB): slot0[GPU0=19365MiB,GPU1=19373MiB,GPU2=19373MiB,GPU3=19373MiB] slot1[GPU4=19353MiB,GPU5=19359MiB,GPU6=19359MiB,GPU7=19359MiB]
[2026-06-28 11:29:00] Waiting for a free four-GPU slot (threshold=70000MiB): slot0[GPU0=19365MiB,GPU1=19373MiB,GPU2=19373MiB,GPU3=19373MiB] slot1[GPU4=19353MiB,GPU5=19359MiB,GPU6=19359MiB,GPU7=19359MiB]
[2026-06-28 11:34:01] Waiting for a free four-GPU slot (threshold=70000MiB): slot0[GPU0=19365MiB,GPU1=19373MiB,GPU2=19373MiB,GPU3=19373MiB] slot1[GPU4=19353MiB,GPU5=19359MiB,GPU6=19359MiB,GPU7=19359MiB]
[2026-06-28 11:39:01] Waiting for a free four-GPU slot (threshold=70000MiB): slot0[GPU0=19365MiB,GPU1=19373MiB,GPU2=19373MiB,GPU3=19373MiB] slot1[GPU4=19353MiB,GPU5=19359MiB,GPU6=19359MiB,GPU7=19359MiB]
[2026-06-28 11:44:02] Waiting for a free four-GPU slot (threshold=70000MiB): slot0[GPU0=19365MiB,GPU1=19373MiB,GPU2=19373MiB,GPU3=19373MiB] slot1[GPU4=19353MiB,GPU5=19359MiB,GPU6=19359MiB,GPU7=19359MiB]
[2026-06-28 11:49:03] Waiting for a free four-GPU slot (threshold=70000MiB): slot0[GPU0=19365MiB,GPU1=19373MiB,GPU2=19373MiB,GPU3=19373MiB] slot1[GPU4=19353MiB,GPU5=19359MiB,GPU6=19359MiB,GPU7=19359MiB]
[2026-06-28 11:54:03] Waiting for a free four-GPU slot (threshold=70000MiB): slot0[GPU0=19365MiB,GPU1=19373MiB,GPU2=19373MiB,GPU3=19373MiB] slot1[GPU4=19353MiB,GPU5=19359MiB,GPU6=19359MiB,GPU7=19359MiB]
[2026-06-28 11:59:04] Waiting for a free four-GPU slot (threshold=70000MiB): slot0[GPU0=19365MiB,GPU1=19373MiB,GPU2=19373MiB,GPU3=19373MiB] slot1[GPU4=19353MiB,GPU5=19359MiB,GPU6=19359MiB,GPU7=19359MiB]
[2026-06-28 12:04:05] Waiting for a free four-GPU slot (threshold=70000MiB): slot0[GPU0=19365MiB,GPU1=19373MiB,GPU2=19373MiB,GPU3=19373MiB] slot1[GPU4=19353MiB,GPU5=19359MiB,GPU6=19359MiB,GPU7=19359MiB]
[2026-06-28 12:09:07] Waiting for a free four-GPU slot (threshold=70000MiB): slot0[GPU0=19365MiB,GPU1=19373MiB,GPU2=19373MiB,GPU3=19373MiB] slot1[GPU4=19353MiB,GPU5=19359MiB,GPU6=19359MiB,GPU7=19359MiB]
[2026-06-28 12:14:07] Waiting for a free four-GPU slot (threshold=70000MiB): slot0[GPU0=19365MiB,GPU1=19373MiB,GPU2=19373MiB,GPU3=19373MiB] slot1[GPU4=19353MiB,GPU5=19359MiB,GPU6=19359MiB,GPU7=19359MiB]
[2026-06-28 12:19:09] Waiting for a free four-GPU slot (threshold=70000MiB): slot0[GPU0=19365MiB,GPU1=19373MiB,GPU2=19373MiB,GPU3=19373MiB] slot1[GPU4=19353MiB,GPU5=19359MiB,GPU6=19359MiB,GPU7=19359MiB]
[2026-06-28 12:24:10] Waiting for a free four-GPU slot (threshold=70000MiB): slot0[GPU0=19365MiB,GPU1=19373MiB,GPU2=19373MiB,GPU3=19373MiB] slot1[GPU4=19353MiB,GPU5=19359MiB,GPU6=19359MiB,GPU7=19359MiB]
[2026-06-28 12:29:11] Waiting for a free four-GPU slot (threshold=70000MiB): slot0[GPU0=19365MiB,GPU1=19373MiB,GPU2=19373MiB,GPU3=19373MiB] slot1[GPU4=19353MiB,GPU5=19359MiB,GPU6=19359MiB,GPU7=19359MiB]
[2026-06-28 12:34:13] Waiting for a free four-GPU slot (threshold=70000MiB): slot0[GPU0=19365MiB,GPU1=19373MiB,GPU2=19373MiB,GPU3=19373MiB] slot1[GPU4=19353MiB,GPU5=19359MiB,GPU6=19359MiB,GPU7=19359MiB]
[2026-06-28 12:39:14] Waiting for a free four-GPU slot (threshold=70000MiB): slot0[GPU0=19365MiB,GPU1=19373MiB,GPU2=19373MiB,GPU3=19373MiB] slot1[GPU4=19353MiB,GPU5=19359MiB,GPU6=19359MiB,GPU7=19359MiB]
[2026-06-28 12:44:15] Waiting for a free four-GPU slot (threshold=70000MiB): slot0[GPU0=19365MiB,GPU1=19373MiB,GPU2=19373MiB,GPU3=19373MiB] slot1[GPU4=19353MiB,GPU5=19359MiB,GPU6=19359MiB,GPU7=19359MiB]
[2026-06-28 12:49:15] Waiting for a free four-GPU slot (threshold=70000MiB): slot0[GPU0=19365MiB,GPU1=19373MiB,GPU2=19373MiB,GPU3=19373MiB] slot1[GPU4=19353MiB,GPU5=19359MiB,GPU6=19359MiB,GPU7=19359MiB]
[2026-06-28 12:54:17] Waiting for a free four-GPU slot (threshold=70000MiB): slot0[GPU0=19365MiB,GPU1=19373MiB,GPU2=19373MiB,GPU3=19373MiB] slot1[GPU4=19353MiB,GPU5=19359MiB,GPU6=19359MiB,GPU7=19359MiB]
[2026-06-28 12:59:18] Waiting for a free four-GPU slot (threshold=70000MiB): slot0[GPU0=19365MiB,GPU1=19373MiB,GPU2=19373MiB,GPU3=19373MiB] slot1[GPU4=19353MiB,GPU5=19359MiB,GPU6=19359MiB,GPU7=19359MiB]
[2026-06-28 13:02:18] Completed A_pi0_full successfully; GPU slot 0,1,2,3 released.
[2026-06-28 13:02:18] Starting C_raw_dual_ae_history_future_pool: config=pi0_xhand_tactile_structured_raw_dual_ae_history_future_pool, GPUs=0,1,2,3, assets=assets/pi0_xhand_tactile_structured_raw_dual_ae
[2026-06-28 13:02:18] Started C_raw_dual_ae_history_future_pool: PID=133469, log=logs/C_raw_dual_ae_history_future_pool_task1_2_3_315ep_pool_30k_0628.log
[2026-06-28 13:04:18] Waiting for a free four-GPU slot (threshold=70000MiB): slot0[GPU0=80795MiB,GPU1=80803MiB,GPU2=80803MiB,GPU3=80803MiB] slot1[GPU4=19353MiB,GPU5=19359MiB,GPU6=19359MiB,GPU7=19359MiB]
[2026-06-28 13:09:19] Waiting for a free four-GPU slot (threshold=70000MiB): slot0[GPU0=80795MiB,GPU1=80803MiB,GPU2=80803MiB,GPU3=80803MiB] slot1[GPU4=19353MiB,GPU5=19359MiB,GPU6=19359MiB,GPU7=19359MiB]
[2026-06-28 13:14:20] Waiting for a free four-GPU slot (threshold=70000MiB): slot0[GPU0=19387MiB,GPU1=19401MiB,GPU2=19401MiB,GPU3=19401MiB] slot1[GPU4=19353MiB,GPU5=19359MiB,GPU6=19359MiB,GPU7=19359MiB]
[2026-06-28 13:19:20] Waiting for a free four-GPU slot (threshold=70000MiB): slot0[GPU0=19387MiB,GPU1=19401MiB,GPU2=19401MiB,GPU3=19401MiB] slot1[GPU4=19353MiB,GPU5=19359MiB,GPU6=19359MiB,GPU7=19359MiB]
[2026-06-28 13:24:22] Waiting for a free four-GPU slot (threshold=70000MiB): slot0[GPU0=19359MiB,GPU1=19359MiB,GPU2=19359MiB,GPU3=19359MiB] slot1[GPU4=19353MiB,GPU5=19359MiB,GPU6=19359MiB,GPU7=19359MiB]
[2026-06-28 13:29:22] Waiting for a free four-GPU slot (threshold=70000MiB): slot0[GPU0=19359MiB,GPU1=19359MiB,GPU2=19359MiB,GPU3=19359MiB] slot1[GPU4=19353MiB,GPU5=19359MiB,GPU6=19359MiB,GPU7=19359MiB]
[2026-06-28 13:34:23] Waiting for a free four-GPU slot (threshold=70000MiB): slot0[GPU0=19359MiB,GPU1=19359MiB,GPU2=19359MiB,GPU3=19359MiB] slot1[GPU4=19353MiB,GPU5=19359MiB,GPU6=19359MiB,GPU7=19359MiB]
[2026-06-28 13:39:24] Waiting for a free four-GPU slot (threshold=70000MiB): slot0[GPU0=19359MiB,GPU1=19359MiB,GPU2=19359MiB,GPU3=19359MiB] slot1[GPU4=19353MiB,GPU5=19359MiB,GPU6=19359MiB,GPU7=19359MiB]
[2026-06-28 13:44:25] Waiting for a free four-GPU slot (threshold=70000MiB): slot0[GPU0=19359MiB,GPU1=19359MiB,GPU2=19359MiB,GPU3=19359MiB] slot1[GPU4=19353MiB,GPU5=19359MiB,GPU6=19359MiB,GPU7=19359MiB]
[2026-06-28 13:49:25] Waiting for a free four-GPU slot (threshold=70000MiB): slot0[GPU0=19359MiB,GPU1=19359MiB,GPU2=19359MiB,GPU3=19359MiB] slot1[GPU4=19353MiB,GPU5=19359MiB,GPU6=19359MiB,GPU7=19359MiB]
[2026-06-28 13:54:25] Waiting for a free four-GPU slot (threshold=70000MiB): slot0[GPU0=19359MiB,GPU1=19359MiB,GPU2=19359MiB,GPU3=19359MiB] slot1[GPU4=19353MiB,GPU5=19359MiB,GPU6=19359MiB,GPU7=19359MiB]
[2026-06-28 13:59:26] Waiting for a free four-GPU slot (threshold=70000MiB): slot0[GPU0=19359MiB,GPU1=19359MiB,GPU2=19359MiB,GPU3=19359MiB] slot1[GPU4=19353MiB,GPU5=19359MiB,GPU6=19359MiB,GPU7=19359MiB]
[2026-06-28 14:04:27] Waiting for a free four-GPU slot (threshold=70000MiB): slot0[GPU0=19359MiB,GPU1=19359MiB,GPU2=19359MiB,GPU3=19359MiB] slot1[GPU4=19353MiB,GPU5=19359MiB,GPU6=19359MiB,GPU7=19359MiB]
[2026-06-28 14:09:28] Waiting for a free four-GPU slot (threshold=70000MiB): slot0[GPU0=19359MiB,GPU1=19359MiB,GPU2=19359MiB,GPU3=19359MiB] slot1[GPU4=19353MiB,GPU5=19359MiB,GPU6=19359MiB,GPU7=19359MiB]
[2026-06-28 14:14:30] Waiting for a free four-GPU slot (threshold=70000MiB): slot0[GPU0=19359MiB,GPU1=19359MiB,GPU2=19359MiB,GPU3=19359MiB] slot1[GPU4=19353MiB,GPU5=19359MiB,GPU6=19359MiB,GPU7=19359MiB]
[2026-06-28 14:19:31] Waiting for a free four-GPU slot (threshold=70000MiB): slot0[GPU0=19359MiB,GPU1=19359MiB,GPU2=19359MiB,GPU3=19359MiB] slot1[GPU4=19353MiB,GPU5=19359MiB,GPU6=19359MiB,GPU7=19359MiB]
[2026-06-28 14:24:32] Waiting for a free four-GPU slot (threshold=70000MiB): slot0[GPU0=19359MiB,GPU1=19359MiB,GPU2=19359MiB,GPU3=19359MiB] slot1[GPU4=19353MiB,GPU5=19359MiB,GPU6=19359MiB,GPU7=19359MiB]
[2026-06-28 14:29:32] Waiting for a free four-GPU slot (threshold=70000MiB): slot0[GPU0=19359MiB,GPU1=19359MiB,GPU2=19359MiB,GPU3=19359MiB] slot1[GPU4=19353MiB,GPU5=19359MiB,GPU6=19359MiB,GPU7=19359MiB]
[2026-06-28 14:34:33] Waiting for a free four-GPU slot (threshold=70000MiB): slot0[GPU0=19359MiB,GPU1=19359MiB,GPU2=19359MiB,GPU3=19359MiB] slot1[GPU4=19353MiB,GPU5=19359MiB,GPU6=19359MiB,GPU7=19359MiB]
[2026-06-28 14:39:33] Waiting for a free four-GPU slot (threshold=70000MiB): slot0[GPU0=19359MiB,GPU1=19359MiB,GPU2=19359MiB,GPU3=19359MiB] slot1[GPU4=19353MiB,GPU5=19359MiB,GPU6=19359MiB,GPU7=19359MiB]
[2026-06-28 14:44:33] Waiting for a free four-GPU slot (threshold=70000MiB): slot0[GPU0=19359MiB,GPU1=19359MiB,GPU2=19359MiB,GPU3=19359MiB] slot1[GPU4=19353MiB,GPU5=19359MiB,GPU6=19359MiB,GPU7=19359MiB]
[2026-06-28 14:49:34] Waiting for a free four-GPU slot (threshold=70000MiB): slot0[GPU0=19359MiB,GPU1=19359MiB,GPU2=19359MiB,GPU3=19359MiB] slot1[GPU4=19353MiB,GPU5=19359MiB,GPU6=19359MiB,GPU7=19359MiB]
[2026-06-28 14:54:35] Waiting for a free four-GPU slot (threshold=70000MiB): slot0[GPU0=19359MiB,GPU1=19359MiB,GPU2=19359MiB,GPU3=19359MiB] slot1[GPU4=19353MiB,GPU5=19359MiB,GPU6=19359MiB,GPU7=19359MiB]
[2026-06-28 14:59:35] Waiting for a free four-GPU slot (threshold=70000MiB): slot0[GPU0=19359MiB,GPU1=19359MiB,GPU2=19359MiB,GPU3=19359MiB] slot1[GPU4=19353MiB,GPU5=19359MiB,GPU6=19359MiB,GPU7=19359MiB]
[2026-06-28 15:04:35] Waiting for a free four-GPU slot (threshold=70000MiB): slot0[GPU0=19359MiB,GPU1=19359MiB,GPU2=19359MiB,GPU3=19359MiB] slot1[GPU4=19353MiB,GPU5=19359MiB,GPU6=19359MiB,GPU7=19359MiB]
[2026-06-28 15:09:36] Waiting for a free four-GPU slot (threshold=70000MiB): slot0[GPU0=19359MiB,GPU1=19359MiB,GPU2=19359MiB,GPU3=19359MiB] slot1[GPU4=19353MiB,GPU5=19359MiB,GPU6=19359MiB,GPU7=19359MiB]
[2026-06-28 15:14:38] Waiting for a free four-GPU slot (threshold=70000MiB): slot0[GPU0=19359MiB,GPU1=19359MiB,GPU2=19359MiB,GPU3=19359MiB] slot1[GPU4=19353MiB,GPU5=19359MiB,GPU6=19359MiB,GPU7=19359MiB]
[2026-06-28 15:19:40] Waiting for a free four-GPU slot (threshold=70000MiB): slot0[GPU0=19359MiB,GPU1=19359MiB,GPU2=19359MiB,GPU3=19359MiB] slot1[GPU4=19353MiB,GPU5=19359MiB,GPU6=19359MiB,GPU7=19359MiB]
[2026-06-28 15:24:40] Waiting for a free four-GPU slot (threshold=70000MiB): slot0[GPU0=19359MiB,GPU1=19359MiB,GPU2=19359MiB,GPU3=19359MiB] slot1[GPU4=19353MiB,GPU5=19359MiB,GPU6=19359MiB,GPU7=19359MiB]
[2026-06-28 15:29:43] Waiting for a free four-GPU slot (threshold=70000MiB): slot0[GPU0=19359MiB,GPU1=19359MiB,GPU2=19359MiB,GPU3=19359MiB] slot1[GPU4=19353MiB,GPU5=19359MiB,GPU6=19359MiB,GPU7=19359MiB]
[2026-06-28 15:34:43] Completed B_calc_dual_ae_history_future_pool successfully; GPU slot 4,5,6,7 released.
[2026-06-28 15:34:43] Starting D_adaptive_patch_raw_dual_ae_history_future_pool: config=pi0_xhand_tactile_structured_adaptive_patch_raw_dual_ae_history_future_pool, GPUs=4,5,6,7, assets=assets/pi0_xhand_tactile_structured_raw_dual_ae
[2026-06-28 15:34:43] Started D_adaptive_patch_raw_dual_ae_history_future_pool: PID=137135, log=logs/D_adaptive_patch_raw_dual_ae_history_future_pool_task1_2_3_315ep_pool_30k_0628.log
