nohup: ignoring input
[2026-06-25 04:11:10] Dataset: data/task1_2_206ep
[2026-06-25 04:11:10] Asset ID: task1_2_206ep
[2026-06-25 04:11:10] Jobs: 4, steps=20000, batch=8, FSDP=1
[2026-06-25 04:11:10] Two GPU slots: 0,1,2,3 and 4,5,6,7
[2026-06-25 04:11:10] GPU gate: every GPU in a slot must have at least 70000 MiB free.
[2026-06-25 04:11:10] GPU polling interval: 60s
[2026-06-25 04:11:10] Starting A_no_tactile: config=pi0_xhand_full_finetune, GPUs=0,1,2,3, assets=assets/pi0_xhand_tactile_structured_dual_ae
[2026-06-25 04:11:10] Started A_no_tactile: PID=501334, log=logs/A_no_tactile_task1_2_206ep_20k_0625.log
[2026-06-25 04:11:10] Starting B_structured_dual_ae: config=pi0_xhand_tactile_structured_dual_ae, GPUs=4,5,6,7, assets=assets/pi0_xhand_tactile_structured_dual_ae
[2026-06-25 04:11:10] Started B_structured_dual_ae: PID=501337, log=logs/B_structured_dual_ae_task1_2_206ep_20k_0625.log
[2026-06-25 04:11:10] Waiting for a free four-GPU slot (threshold=70000MiB): slot0[GPU0=81226MiB,GPU1=81226MiB,GPU2=81226MiB,GPU3=81226MiB] slot1[GPU4=81226MiB,GPU5=81226MiB,GPU6=81226MiB,GPU7=81226MiB]
[2026-06-25 04:16:10] Waiting for a free four-GPU slot (threshold=70000MiB): slot0[GPU0=80795MiB,GPU1=80803MiB,GPU2=80803MiB,GPU3=80803MiB] slot1[GPU4=80795MiB,GPU5=80803MiB,GPU6=80803MiB,GPU7=80803MiB]
[2026-06-25 04:21:11] Waiting for a free four-GPU slot (threshold=70000MiB): slot0[GPU0=19375MiB,GPU1=19375MiB,GPU2=19375MiB,GPU3=19375MiB] slot1[GPU4=19395MiB,GPU5=19401MiB,GPU6=19401MiB,GPU7=19401MiB]
[2026-06-25 04:26:11] Waiting for a free four-GPU slot (threshold=70000MiB): slot0[GPU0=19375MiB,GPU1=19375MiB,GPU2=19375MiB,GPU3=19375MiB] slot1[GPU4=19359MiB,GPU5=19359MiB,GPU6=19359MiB,GPU7=19359MiB]
[2026-06-25 04:31:11] Waiting for a free four-GPU slot (threshold=70000MiB): slot0[GPU0=19375MiB,GPU1=19375MiB,GPU2=19375MiB,GPU3=19375MiB] slot1[GPU4=19359MiB,GPU5=19359MiB,GPU6=19359MiB,GPU7=19359MiB]
[2026-06-25 04:36:12] Waiting for a free four-GPU slot (threshold=70000MiB): slot0[GPU0=19375MiB,GPU1=19375MiB,GPU2=19375MiB,GPU3=19375MiB] slot1[GPU4=19359MiB,GPU5=19359MiB,GPU6=19359MiB,GPU7=19359MiB]
[2026-06-25 04:41:12] Waiting for a free four-GPU slot (threshold=70000MiB): slot0[GPU0=19375MiB,GPU1=19375MiB,GPU2=19375MiB,GPU3=19375MiB] slot1[GPU4=19359MiB,GPU5=19359MiB,GPU6=19359MiB,GPU7=19359MiB]
[2026-06-25 04:46:12] Waiting for a free four-GPU slot (threshold=70000MiB): slot0[GPU0=19375MiB,GPU1=19375MiB,GPU2=19375MiB,GPU3=19375MiB] slot1[GPU4=19359MiB,GPU5=19359MiB,GPU6=19359MiB,GPU7=19359MiB]
[2026-06-25 04:51:13] Waiting for a free four-GPU slot (threshold=70000MiB): slot0[GPU0=19375MiB,GPU1=19375MiB,GPU2=19375MiB,GPU3=19375MiB] slot1[GPU4=19359MiB,GPU5=19359MiB,GPU6=19359MiB,GPU7=19359MiB]
[2026-06-25 04:56:13] Waiting for a free four-GPU slot (threshold=70000MiB): slot0[GPU0=19375MiB,GPU1=19375MiB,GPU2=19375MiB,GPU3=19375MiB] slot1[GPU4=19359MiB,GPU5=19359MiB,GPU6=19359MiB,GPU7=19359MiB]
[2026-06-25 05:01:13] Waiting for a free four-GPU slot (threshold=70000MiB): slot0[GPU0=19375MiB,GPU1=19375MiB,GPU2=19375MiB,GPU3=19375MiB] slot1[GPU4=19359MiB,GPU5=19359MiB,GPU6=19359MiB,GPU7=19359MiB]
[2026-06-25 05:06:14] Waiting for a free four-GPU slot (threshold=70000MiB): slot0[GPU0=19375MiB,GPU1=19375MiB,GPU2=19375MiB,GPU3=19375MiB] slot1[GPU4=19359MiB,GPU5=19359MiB,GPU6=19359MiB,GPU7=19359MiB]
[2026-06-25 05:11:14] Waiting for a free four-GPU slot (threshold=70000MiB): slot0[GPU0=19375MiB,GPU1=19375MiB,GPU2=19375MiB,GPU3=19375MiB] slot1[GPU4=19359MiB,GPU5=19359MiB,GPU6=19359MiB,GPU7=19359MiB]
[2026-06-25 05:16:14] Waiting for a free four-GPU slot (threshold=70000MiB): slot0[GPU0=19373MiB,GPU1=19373MiB,GPU2=19373MiB,GPU3=19373MiB] slot1[GPU4=19359MiB,GPU5=19359MiB,GPU6=19359MiB,GPU7=19359MiB]
[2026-06-25 05:21:15] Waiting for a free four-GPU slot (threshold=70000MiB): slot0[GPU0=19373MiB,GPU1=19373MiB,GPU2=19373MiB,GPU3=19373MiB] slot1[GPU4=19359MiB,GPU5=19359MiB,GPU6=19359MiB,GPU7=19359MiB]
[2026-06-25 05:26:15] Waiting for a free four-GPU slot (threshold=70000MiB): slot0[GPU0=19373MiB,GPU1=19373MiB,GPU2=19373MiB,GPU3=19373MiB] slot1[GPU4=19359MiB,GPU5=19359MiB,GPU6=19359MiB,GPU7=19359MiB]
[2026-06-25 05:31:15] Waiting for a free four-GPU slot (threshold=70000MiB): slot0[GPU0=19373MiB,GPU1=19373MiB,GPU2=19373MiB,GPU3=19373MiB] slot1[GPU4=19359MiB,GPU5=19359MiB,GPU6=19359MiB,GPU7=19359MiB]
[2026-06-25 05:36:16] Waiting for a free four-GPU slot (threshold=70000MiB): slot0[GPU0=19373MiB,GPU1=19373MiB,GPU2=19373MiB,GPU3=19373MiB] slot1[GPU4=19359MiB,GPU5=19359MiB,GPU6=19359MiB,GPU7=19359MiB]
[2026-06-25 05:41:16] Waiting for a free four-GPU slot (threshold=70000MiB): slot0[GPU0=19373MiB,GPU1=19373MiB,GPU2=19373MiB,GPU3=19373MiB] slot1[GPU4=19359MiB,GPU5=19359MiB,GPU6=19359MiB,GPU7=19359MiB]
[2026-06-25 05:46:16] Waiting for a free four-GPU slot (threshold=70000MiB): slot0[GPU0=19373MiB,GPU1=19373MiB,GPU2=19373MiB,GPU3=19373MiB] slot1[GPU4=19359MiB,GPU5=19359MiB,GPU6=19359MiB,GPU7=19359MiB]
[2026-06-25 05:51:17] Waiting for a free four-GPU slot (threshold=70000MiB): slot0[GPU0=19373MiB,GPU1=19373MiB,GPU2=19373MiB,GPU3=19373MiB] slot1[GPU4=19359MiB,GPU5=19359MiB,GPU6=19359MiB,GPU7=19359MiB]
[2026-06-25 05:56:17] Waiting for a free four-GPU slot (threshold=70000MiB): slot0[GPU0=19373MiB,GPU1=19373MiB,GPU2=19373MiB,GPU3=19373MiB] slot1[GPU4=19359MiB,GPU5=19359MiB,GPU6=19359MiB,GPU7=19359MiB]
[2026-06-25 06:01:17] Waiting for a free four-GPU slot (threshold=70000MiB): slot0[GPU0=19373MiB,GPU1=19373MiB,GPU2=19373MiB,GPU3=19373MiB] slot1[GPU4=19359MiB,GPU5=19359MiB,GPU6=19359MiB,GPU7=19359MiB]
[2026-06-25 06:06:18] Waiting for a free four-GPU slot (threshold=70000MiB): slot0[GPU0=19373MiB,GPU1=19373MiB,GPU2=19373MiB,GPU3=19373MiB] slot1[GPU4=19359MiB,GPU5=19359MiB,GPU6=19359MiB,GPU7=19359MiB]
[2026-06-25 06:11:18] Waiting for a free four-GPU slot (threshold=70000MiB): slot0[GPU0=19373MiB,GPU1=19373MiB,GPU2=19373MiB,GPU3=19373MiB] slot1[GPU4=19359MiB,GPU5=19359MiB,GPU6=19359MiB,GPU7=19359MiB]
[2026-06-25 06:16:18] Waiting for a free four-GPU slot (threshold=70000MiB): slot0[GPU0=19373MiB,GPU1=19373MiB,GPU2=19373MiB,GPU3=19373MiB] slot1[GPU4=19359MiB,GPU5=19359MiB,GPU6=19359MiB,GPU7=19359MiB]
[2026-06-25 06:21:19] Waiting for a free four-GPU slot (threshold=70000MiB): slot0[GPU0=19373MiB,GPU1=19373MiB,GPU2=19373MiB,GPU3=19373MiB] slot1[GPU4=19359MiB,GPU5=19359MiB,GPU6=19359MiB,GPU7=19359MiB]
[2026-06-25 06:26:19] Waiting for a free four-GPU slot (threshold=70000MiB): slot0[GPU0=19373MiB,GPU1=19373MiB,GPU2=19373MiB,GPU3=19373MiB] slot1[GPU4=19359MiB,GPU5=19359MiB,GPU6=19359MiB,GPU7=19359MiB]
[2026-06-25 06:31:19] Waiting for a free four-GPU slot (threshold=70000MiB): slot0[GPU0=19373MiB,GPU1=19373MiB,GPU2=19373MiB,GPU3=19373MiB] slot1[GPU4=19359MiB,GPU5=19359MiB,GPU6=19359MiB,GPU7=19359MiB]
[2026-06-25 06:36:20] Waiting for a free four-GPU slot (threshold=70000MiB): slot0[GPU0=19373MiB,GPU1=19373MiB,GPU2=19373MiB,GPU3=19373MiB] slot1[GPU4=19359MiB,GPU5=19359MiB,GPU6=19359MiB,GPU7=19359MiB]
[2026-06-25 06:41:20] Waiting for a free four-GPU slot (threshold=70000MiB): slot0[GPU0=19373MiB,GPU1=19373MiB,GPU2=19373MiB,GPU3=19373MiB] slot1[GPU4=19359MiB,GPU5=19359MiB,GPU6=19359MiB,GPU7=19359MiB]
[2026-06-25 06:46:20] Waiting for a free four-GPU slot (threshold=70000MiB): slot0[GPU0=19373MiB,GPU1=19373MiB,GPU2=19373MiB,GPU3=19373MiB] slot1[GPU4=19359MiB,GPU5=19359MiB,GPU6=19359MiB,GPU7=19359MiB]
[2026-06-25 06:51:21] Waiting for a free four-GPU slot (threshold=70000MiB): slot0[GPU0=19373MiB,GPU1=19373MiB,GPU2=19373MiB,GPU3=19373MiB] slot1[GPU4=19359MiB,GPU5=19359MiB,GPU6=19359MiB,GPU7=19359MiB]
[2026-06-25 06:56:21] Waiting for a free four-GPU slot (threshold=70000MiB): slot0[GPU0=19373MiB,GPU1=19373MiB,GPU2=19373MiB,GPU3=19373MiB] slot1[GPU4=19359MiB,GPU5=19359MiB,GPU6=19359MiB,GPU7=19359MiB]
[2026-06-25 07:01:21] Waiting for a free four-GPU slot (threshold=70000MiB): slot0[GPU0=19373MiB,GPU1=19373MiB,GPU2=19373MiB,GPU3=19373MiB] slot1[GPU4=19359MiB,GPU5=19359MiB,GPU6=19359MiB,GPU7=19359MiB]
[2026-06-25 07:06:22] Waiting for a free four-GPU slot (threshold=70000MiB): slot0[GPU0=19373MiB,GPU1=19373MiB,GPU2=19373MiB,GPU3=19373MiB] slot1[GPU4=19359MiB,GPU5=19359MiB,GPU6=19359MiB,GPU7=19359MiB]
[2026-06-25 07:11:22] Waiting for a free four-GPU slot (threshold=70000MiB): slot0[GPU0=19373MiB,GPU1=19373MiB,GPU2=19373MiB,GPU3=19373MiB] slot1[GPU4=19359MiB,GPU5=19359MiB,GPU6=19359MiB,GPU7=19359MiB]
[2026-06-25 07:16:22] Waiting for a free four-GPU slot (threshold=70000MiB): slot0[GPU0=19373MiB,GPU1=19373MiB,GPU2=19373MiB,GPU3=19373MiB] slot1[GPU4=19359MiB,GPU5=19359MiB,GPU6=19359MiB,GPU7=19359MiB]
[2026-06-25 07:21:23] Waiting for a free four-GPU slot (threshold=70000MiB): slot0[GPU0=19373MiB,GPU1=19373MiB,GPU2=19373MiB,GPU3=19373MiB] slot1[GPU4=19359MiB,GPU5=19359MiB,GPU6=19359MiB,GPU7=19359MiB]
[2026-06-25 07:26:23] Waiting for a free four-GPU slot (threshold=70000MiB): slot0[GPU0=19373MiB,GPU1=19373MiB,GPU2=19373MiB,GPU3=19373MiB] slot1[GPU4=19359MiB,GPU5=19359MiB,GPU6=19359MiB,GPU7=19359MiB]
[2026-06-25 07:31:23] Waiting for a free four-GPU slot (threshold=70000MiB): slot0[GPU0=19373MiB,GPU1=19373MiB,GPU2=19373MiB,GPU3=19373MiB] slot1[GPU4=19359MiB,GPU5=19359MiB,GPU6=19359MiB,GPU7=19359MiB]
[2026-06-25 07:36:24] Waiting for a free four-GPU slot (threshold=70000MiB): slot0[GPU0=19373MiB,GPU1=19373MiB,GPU2=19373MiB,GPU3=19373MiB] slot1[GPU4=19359MiB,GPU5=19359MiB,GPU6=19359MiB,GPU7=19359MiB]
[2026-06-25 07:41:24] Waiting for a free four-GPU slot (threshold=70000MiB): slot0[GPU0=19373MiB,GPU1=19373MiB,GPU2=19373MiB,GPU3=19373MiB] slot1[GPU4=19359MiB,GPU5=19359MiB,GPU6=19359MiB,GPU7=19359MiB]
[2026-06-25 07:46:24] Waiting for a free four-GPU slot (threshold=70000MiB): slot0[GPU0=19373MiB,GPU1=19373MiB,GPU2=19373MiB,GPU3=19373MiB] slot1[GPU4=19359MiB,GPU5=19359MiB,GPU6=19359MiB,GPU7=19359MiB]
[2026-06-25 07:51:25] Waiting for a free four-GPU slot (threshold=70000MiB): slot0[GPU0=19373MiB,GPU1=19373MiB,GPU2=19373MiB,GPU3=19373MiB] slot1[GPU4=19359MiB,GPU5=19359MiB,GPU6=19359MiB,GPU7=19359MiB]
[2026-06-25 07:54:25] Completed A_no_tactile successfully; GPU slot 0,1,2,3 released.
[2026-06-25 07:54:25] Starting C_structured_single_ae: config=pi0_xhand_tactile_structured_single_ae, GPUs=0,1,2,3, assets=assets/pi0_xhand_tactile_structured_dual_ae
[2026-06-25 07:54:25] Started C_structured_single_ae: PID=509384, log=logs/C_structured_single_ae_task1_2_206ep_20k_0625.log
[2026-06-25 07:56:25] Waiting for a free four-GPU slot (threshold=70000MiB): slot0[GPU0=80795MiB,GPU1=80803MiB,GPU2=80803MiB,GPU3=80803MiB] slot1[GPU4=19359MiB,GPU5=19359MiB,GPU6=19359MiB,GPU7=19359MiB]
[2026-06-25 08:01:25] Waiting for a free four-GPU slot (threshold=70000MiB): slot0[GPU0=19385MiB,GPU1=19409MiB,GPU2=19409MiB,GPU3=19409MiB] slot1[GPU4=19359MiB,GPU5=19359MiB,GPU6=19359MiB,GPU7=19359MiB]
[2026-06-25 08:06:26] Waiting for a free four-GPU slot (threshold=70000MiB): slot0[GPU0=19369MiB,GPU1=19369MiB,GPU2=19369MiB,GPU3=19369MiB] slot1[GPU4=19359MiB,GPU5=19359MiB,GPU6=19359MiB,GPU7=19359MiB]
[2026-06-25 08:11:26] Waiting for a free four-GPU slot (threshold=70000MiB): slot0[GPU0=19369MiB,GPU1=19369MiB,GPU2=19369MiB,GPU3=19369MiB] slot1[GPU4=19359MiB,GPU5=19359MiB,GPU6=19359MiB,GPU7=19359MiB]
[2026-06-25 08:16:26] Waiting for a free four-GPU slot (threshold=70000MiB): slot0[GPU0=19369MiB,GPU1=19369MiB,GPU2=19369MiB,GPU3=19369MiB] slot1[GPU4=19359MiB,GPU5=19359MiB,GPU6=19359MiB,GPU7=19359MiB]
[2026-06-25 08:21:27] Waiting for a free four-GPU slot (threshold=70000MiB): slot0[GPU0=19369MiB,GPU1=19369MiB,GPU2=19369MiB,GPU3=19369MiB] slot1[GPU4=19359MiB,GPU5=19359MiB,GPU6=19359MiB,GPU7=19359MiB]
[2026-06-25 08:26:27] Waiting for a free four-GPU slot (threshold=70000MiB): slot0[GPU0=19369MiB,GPU1=19369MiB,GPU2=19369MiB,GPU3=19369MiB] slot1[GPU4=19359MiB,GPU5=19359MiB,GPU6=19359MiB,GPU7=19359MiB]
[2026-06-25 08:31:27] Waiting for a free four-GPU slot (threshold=70000MiB): slot0[GPU0=19369MiB,GPU1=19369MiB,GPU2=19369MiB,GPU3=19369MiB] slot1[GPU4=19359MiB,GPU5=19359MiB,GPU6=19359MiB,GPU7=19359MiB]
[2026-06-25 08:36:28] Waiting for a free four-GPU slot (threshold=70000MiB): slot0[GPU0=19369MiB,GPU1=19369MiB,GPU2=19369MiB,GPU3=19369MiB] slot1[GPU4=19359MiB,GPU5=19359MiB,GPU6=19359MiB,GPU7=19359MiB]
[2026-06-25 08:41:28] Waiting for a free four-GPU slot (threshold=70000MiB): slot0[GPU0=19369MiB,GPU1=19369MiB,GPU2=19369MiB,GPU3=19369MiB] slot1[GPU4=19359MiB,GPU5=19359MiB,GPU6=19359MiB,GPU7=19359MiB]
[2026-06-25 08:46:28] Waiting for a free four-GPU slot (threshold=70000MiB): slot0[GPU0=19369MiB,GPU1=19369MiB,GPU2=19369MiB,GPU3=19369MiB] slot1[GPU4=19359MiB,GPU5=19359MiB,GPU6=19359MiB,GPU7=19359MiB]
[2026-06-25 08:51:29] Waiting for a free four-GPU slot (threshold=70000MiB): slot0[GPU0=19369MiB,GPU1=19369MiB,GPU2=19369MiB,GPU3=19369MiB] slot1[GPU4=19359MiB,GPU5=19359MiB,GPU6=19359MiB,GPU7=19359MiB]
[2026-06-25 08:56:29] Waiting for a free four-GPU slot (threshold=70000MiB): slot0[GPU0=19369MiB,GPU1=19369MiB,GPU2=19369MiB,GPU3=19369MiB] slot1[GPU4=19359MiB,GPU5=19359MiB,GPU6=19359MiB,GPU7=19359MiB]
[2026-06-25 09:01:29] Waiting for a free four-GPU slot (threshold=70000MiB): slot0[GPU0=19369MiB,GPU1=19369MiB,GPU2=19369MiB,GPU3=19369MiB] slot1[GPU4=19359MiB,GPU5=19359MiB,GPU6=19359MiB,GPU7=19359MiB]
[2026-06-25 09:06:30] Waiting for a free four-GPU slot (threshold=70000MiB): slot0[GPU0=19369MiB,GPU1=19369MiB,GPU2=19369MiB,GPU3=19369MiB] slot1[GPU4=19359MiB,GPU5=19359MiB,GPU6=19359MiB,GPU7=19359MiB]
[2026-06-25 09:11:30] Waiting for a free four-GPU slot (threshold=70000MiB): slot0[GPU0=19369MiB,GPU1=19369MiB,GPU2=19369MiB,GPU3=19369MiB] slot1[GPU4=19359MiB,GPU5=19359MiB,GPU6=19359MiB,GPU7=19359MiB]
[2026-06-25 09:16:30] Waiting for a free four-GPU slot (threshold=70000MiB): slot0[GPU0=19369MiB,GPU1=19369MiB,GPU2=19369MiB,GPU3=19369MiB] slot1[GPU4=19359MiB,GPU5=19359MiB,GPU6=19359MiB,GPU7=19359MiB]
[2026-06-25 09:21:31] Waiting for a free four-GPU slot (threshold=70000MiB): slot0[GPU0=19367MiB,GPU1=19367MiB,GPU2=19367MiB,GPU3=19367MiB] slot1[GPU4=19359MiB,GPU5=19359MiB,GPU6=19359MiB,GPU7=19359MiB]
[2026-06-25 09:26:31] Waiting for a free four-GPU slot (threshold=70000MiB): slot0[GPU0=19367MiB,GPU1=19367MiB,GPU2=19367MiB,GPU3=19367MiB] slot1[GPU4=19359MiB,GPU5=19359MiB,GPU6=19359MiB,GPU7=19359MiB]
[2026-06-25 09:27:31] Completed B_structured_dual_ae successfully; GPU slot 4,5,6,7 released.
[2026-06-25 09:27:31] Starting D_structured_dual_ae_arm_future_hand_mask: config=pi0_xhand_tactile_structured_dual_ae_arm_future_hand_mask, GPUs=4,5,6,7, assets=assets/pi0_xhand_tactile_structured_dual_ae
[2026-06-25 09:27:31] Started D_structured_dual_ae_arm_future_hand_mask: PID=512325, log=logs/D_structured_dual_ae_arm_future_hand_mask_task1_2_206ep_20k_0625.log
[2026-06-25 13:04:31] Completed C_structured_single_ae successfully; GPU slot 0,1,2,3 released.
[2026-06-25 14:43:31] Completed D_structured_dual_ae_arm_future_hand_mask successfully; GPU slot 4,5,6,7 released.
[2026-06-25 14:43:31] All queued experiments completed successfully.
