nohup: ignoring input
[2026-06-25 15:53:53] Dataset: data/task1_2_206ep
[2026-06-25 15:53:53] Asset ID: task1_2_206ep
[2026-06-25 15:53:53] Jobs: 3, steps=20000, batch=8, FSDP=1
[2026-06-25 15:53:53] Run tag: task1_2_206ep_20k_save5k_0625
[2026-06-25 15:53:53] Checkpoint overwrite is disabled; existing checkpoint dirs will stop the scheduler.
[2026-06-25 15:53:53] Two GPU slots: 0,1,2,3 and 4,5,6,7
[2026-06-25 15:53:53] GPU gate: every GPU in a slot must have at least 70000 MiB free.
[2026-06-25 15:53:53] GPU polling interval: 60s
[2026-06-25 15:53:53] Starting E_structured_raw_dual_ae: config=pi0_xhand_tactile_structured_raw_dual_ae, GPUs=0,1,2,3, assets=assets/pi0_xhand_tactile_structured_raw_dual_ae
[2026-06-25 15:53:53] Started E_structured_raw_dual_ae: PID=288082, log=logs/E_structured_raw_dual_ae_task1_2_206ep_20k_save5k_0625.log
[2026-06-25 15:53:53] Starting F_structured_raw_single_ae: config=pi0_xhand_tactile_structured_raw_single_ae, GPUs=4,5,6,7, assets=assets/pi0_xhand_tactile_structured_raw_dual_ae
[2026-06-25 15:53:53] Started F_structured_raw_single_ae: PID=288085, log=logs/F_structured_raw_single_ae_task1_2_206ep_20k_save5k_0625.log
[2026-06-25 15:53:53] Waiting for a free four-GPU slot (threshold=70000MiB): slot0[GPU0=81226MiB,GPU1=81226MiB,GPU2=81226MiB,GPU3=81226MiB] slot1[GPU4=81226MiB,GPU5=81226MiB,GPU6=81226MiB,GPU7=81226MiB]
[2026-06-25 15:58:54] Waiting for a free four-GPU slot (threshold=70000MiB): slot0[GPU0=80795MiB,GPU1=80803MiB,GPU2=80803MiB,GPU3=80803MiB] slot1[GPU4=80795MiB,GPU5=80803MiB,GPU6=80803MiB,GPU7=80803MiB]
[2026-06-25 16:03:54] Waiting for a free four-GPU slot (threshold=70000MiB): slot0[GPU0=19361MiB,GPU1=19361MiB,GPU2=19361MiB,GPU3=19361MiB] slot1[GPU4=19369MiB,GPU5=19369MiB,GPU6=19369MiB,GPU7=19369MiB]
[2026-06-25 16:08:54] Waiting for a free four-GPU slot (threshold=70000MiB): slot0[GPU0=19361MiB,GPU1=19361MiB,GPU2=19361MiB,GPU3=19361MiB] slot1[GPU4=19369MiB,GPU5=19369MiB,GPU6=19369MiB,GPU7=19369MiB]
[2026-06-25 16:13:55] Waiting for a free four-GPU slot (threshold=70000MiB): slot0[GPU0=19361MiB,GPU1=19361MiB,GPU2=19361MiB,GPU3=19361MiB] slot1[GPU4=19369MiB,GPU5=19369MiB,GPU6=19369MiB,GPU7=19369MiB]
[2026-06-25 16:18:55] Waiting for a free four-GPU slot (threshold=70000MiB): slot0[GPU0=19361MiB,GPU1=19361MiB,GPU2=19361MiB,GPU3=19361MiB] slot1[GPU4=19369MiB,GPU5=19369MiB,GPU6=19369MiB,GPU7=19369MiB]
[2026-06-25 16:23:56] Waiting for a free four-GPU slot (threshold=70000MiB): slot0[GPU0=19361MiB,GPU1=19361MiB,GPU2=19361MiB,GPU3=19361MiB] slot1[GPU4=19369MiB,GPU5=19369MiB,GPU6=19369MiB,GPU7=19369MiB]
[2026-06-25 16:28:58] Waiting for a free four-GPU slot (threshold=70000MiB): slot0[GPU0=19361MiB,GPU1=19361MiB,GPU2=19361MiB,GPU3=19361MiB] slot1[GPU4=19369MiB,GPU5=19369MiB,GPU6=19369MiB,GPU7=19369MiB]
[2026-06-25 16:34:00] Waiting for a free four-GPU slot (threshold=70000MiB): slot0[GPU0=19361MiB,GPU1=19361MiB,GPU2=19361MiB,GPU3=19361MiB] slot1[GPU4=19369MiB,GPU5=19369MiB,GPU6=19369MiB,GPU7=19369MiB]
[2026-06-25 16:39:01] Waiting for a free four-GPU slot (threshold=70000MiB): slot0[GPU0=19361MiB,GPU1=19361MiB,GPU2=19361MiB,GPU3=19361MiB] slot1[GPU4=19369MiB,GPU5=19369MiB,GPU6=19369MiB,GPU7=19369MiB]
[2026-06-25 16:44:01] Waiting for a free four-GPU slot (threshold=70000MiB): slot0[GPU0=19361MiB,GPU1=19361MiB,GPU2=19361MiB,GPU3=19361MiB] slot1[GPU4=19369MiB,GPU5=19369MiB,GPU6=19369MiB,GPU7=19369MiB]
[2026-06-25 16:49:02] Waiting for a free four-GPU slot (threshold=70000MiB): slot0[GPU0=19361MiB,GPU1=19361MiB,GPU2=19361MiB,GPU3=19361MiB] slot1[GPU4=19369MiB,GPU5=19369MiB,GPU6=19369MiB,GPU7=19369MiB]
[2026-06-25 16:54:03] Waiting for a free four-GPU slot (threshold=70000MiB): slot0[GPU0=19361MiB,GPU1=19361MiB,GPU2=19361MiB,GPU3=19361MiB] slot1[GPU4=19369MiB,GPU5=19369MiB,GPU6=19369MiB,GPU7=19369MiB]
[2026-06-25 16:59:04] Waiting for a free four-GPU slot (threshold=70000MiB): slot0[GPU0=19361MiB,GPU1=19361MiB,GPU2=19361MiB,GPU3=19361MiB] slot1[GPU4=19369MiB,GPU5=19369MiB,GPU6=19369MiB,GPU7=19369MiB]
[2026-06-25 17:04:05] Waiting for a free four-GPU slot (threshold=70000MiB): slot0[GPU0=19361MiB,GPU1=19361MiB,GPU2=19361MiB,GPU3=19361MiB] slot1[GPU4=19369MiB,GPU5=19369MiB,GPU6=19369MiB,GPU7=19369MiB]
[2026-06-25 17:09:06] Waiting for a free four-GPU slot (threshold=70000MiB): slot0[GPU0=19361MiB,GPU1=19361MiB,GPU2=19361MiB,GPU3=19361MiB] slot1[GPU4=19369MiB,GPU5=19369MiB,GPU6=19369MiB,GPU7=19369MiB]
[2026-06-25 17:14:07] Waiting for a free four-GPU slot (threshold=70000MiB): slot0[GPU0=19361MiB,GPU1=19361MiB,GPU2=19361MiB,GPU3=19361MiB] slot1[GPU4=19367MiB,GPU5=19367MiB,GPU6=19367MiB,GPU7=19367MiB]
[2026-06-25 17:19:08] Waiting for a free four-GPU slot (threshold=70000MiB): slot0[GPU0=19359MiB,GPU1=19359MiB,GPU2=19359MiB,GPU3=19359MiB] slot1[GPU4=19367MiB,GPU5=19367MiB,GPU6=19367MiB,GPU7=19367MiB]
[2026-06-25 17:24:10] Waiting for a free four-GPU slot (threshold=70000MiB): slot0[GPU0=19359MiB,GPU1=19359MiB,GPU2=19359MiB,GPU3=19359MiB] slot1[GPU4=19367MiB,GPU5=19367MiB,GPU6=19367MiB,GPU7=19367MiB]
[2026-06-25 17:29:11] Waiting for a free four-GPU slot (threshold=70000MiB): slot0[GPU0=19359MiB,GPU1=19359MiB,GPU2=19359MiB,GPU3=19359MiB] slot1[GPU4=19367MiB,GPU5=19367MiB,GPU6=19367MiB,GPU7=19367MiB]
[2026-06-25 17:34:13] Waiting for a free four-GPU slot (threshold=70000MiB): slot0[GPU0=19359MiB,GPU1=19359MiB,GPU2=19359MiB,GPU3=19359MiB] slot1[GPU4=19367MiB,GPU5=19367MiB,GPU6=19367MiB,GPU7=19367MiB]
[2026-06-25 17:39:13] Waiting for a free four-GPU slot (threshold=70000MiB): slot0[GPU0=19359MiB,GPU1=19359MiB,GPU2=19359MiB,GPU3=19359MiB] slot1[GPU4=19367MiB,GPU5=19367MiB,GPU6=19367MiB,GPU7=19367MiB]
[2026-06-25 17:44:14] Waiting for a free four-GPU slot (threshold=70000MiB): slot0[GPU0=19359MiB,GPU1=19359MiB,GPU2=19359MiB,GPU3=19359MiB] slot1[GPU4=19367MiB,GPU5=19367MiB,GPU6=19367MiB,GPU7=19367MiB]
[2026-06-25 17:49:14] Waiting for a free four-GPU slot (threshold=70000MiB): slot0[GPU0=19359MiB,GPU1=19359MiB,GPU2=19359MiB,GPU3=19359MiB] slot1[GPU4=19367MiB,GPU5=19367MiB,GPU6=19367MiB,GPU7=19367MiB]
[2026-06-25 17:54:15] Waiting for a free four-GPU slot (threshold=70000MiB): slot0[GPU0=19359MiB,GPU1=19359MiB,GPU2=19359MiB,GPU3=19359MiB] slot1[GPU4=19367MiB,GPU5=19367MiB,GPU6=19367MiB,GPU7=19367MiB]
[2026-06-25 17:59:16] Waiting for a free four-GPU slot (threshold=70000MiB): slot0[GPU0=19359MiB,GPU1=19359MiB,GPU2=19359MiB,GPU3=19359MiB] slot1[GPU4=19367MiB,GPU5=19367MiB,GPU6=19367MiB,GPU7=19367MiB]
[2026-06-25 18:04:16] Waiting for a free four-GPU slot (threshold=70000MiB): slot0[GPU0=19359MiB,GPU1=19359MiB,GPU2=19359MiB,GPU3=19359MiB] slot1[GPU4=19367MiB,GPU5=19367MiB,GPU6=19367MiB,GPU7=19367MiB]
[2026-06-25 18:09:18] Waiting for a free four-GPU slot (threshold=70000MiB): slot0[GPU0=19359MiB,GPU1=19359MiB,GPU2=19359MiB,GPU3=19359MiB] slot1[GPU4=19367MiB,GPU5=19367MiB,GPU6=19367MiB,GPU7=19367MiB]
[2026-06-25 18:14:19] Waiting for a free four-GPU slot (threshold=70000MiB): slot0[GPU0=19359MiB,GPU1=19359MiB,GPU2=19359MiB,GPU3=19359MiB] slot1[GPU4=19367MiB,GPU5=19367MiB,GPU6=19367MiB,GPU7=19367MiB]
[2026-06-25 18:19:20] Waiting for a free four-GPU slot (threshold=70000MiB): slot0[GPU0=19359MiB,GPU1=19359MiB,GPU2=19359MiB,GPU3=19359MiB] slot1[GPU4=19367MiB,GPU5=19367MiB,GPU6=19367MiB,GPU7=19367MiB]
[2026-06-25 18:24:21] Waiting for a free four-GPU slot (threshold=70000MiB): slot0[GPU0=19359MiB,GPU1=19359MiB,GPU2=19359MiB,GPU3=19359MiB] slot1[GPU4=19367MiB,GPU5=19367MiB,GPU6=19367MiB,GPU7=19367MiB]
[2026-06-25 18:29:22] Waiting for a free four-GPU slot (threshold=70000MiB): slot0[GPU0=19359MiB,GPU1=19359MiB,GPU2=19359MiB,GPU3=19359MiB] slot1[GPU4=19367MiB,GPU5=19367MiB,GPU6=19367MiB,GPU7=19367MiB]
[2026-06-25 18:34:22] Waiting for a free four-GPU slot (threshold=70000MiB): slot0[GPU0=19359MiB,GPU1=19359MiB,GPU2=19359MiB,GPU3=19359MiB] slot1[GPU4=19367MiB,GPU5=19367MiB,GPU6=19367MiB,GPU7=19367MiB]
[2026-06-25 18:39:23] Waiting for a free four-GPU slot (threshold=70000MiB): slot0[GPU0=19359MiB,GPU1=19359MiB,GPU2=19359MiB,GPU3=19359MiB] slot1[GPU4=19367MiB,GPU5=19367MiB,GPU6=19367MiB,GPU7=19367MiB]
[2026-06-25 18:44:23] Waiting for a free four-GPU slot (threshold=70000MiB): slot0[GPU0=19359MiB,GPU1=19359MiB,GPU2=19359MiB,GPU3=19359MiB] slot1[GPU4=19367MiB,GPU5=19367MiB,GPU6=19367MiB,GPU7=19367MiB]
[2026-06-25 18:49:25] Waiting for a free four-GPU slot (threshold=70000MiB): slot0[GPU0=19359MiB,GPU1=19359MiB,GPU2=19359MiB,GPU3=19359MiB] slot1[GPU4=19367MiB,GPU5=19367MiB,GPU6=19367MiB,GPU7=19367MiB]
[2026-06-25 18:54:27] Waiting for a free four-GPU slot (threshold=70000MiB): slot0[GPU0=19359MiB,GPU1=19359MiB,GPU2=19359MiB,GPU3=19359MiB] slot1[GPU4=19367MiB,GPU5=19367MiB,GPU6=19367MiB,GPU7=19367MiB]
[2026-06-25 18:59:27] Waiting for a free four-GPU slot (threshold=70000MiB): slot0[GPU0=19359MiB,GPU1=19359MiB,GPU2=19359MiB,GPU3=19359MiB] slot1[GPU4=19367MiB,GPU5=19367MiB,GPU6=19367MiB,GPU7=19367MiB]
[2026-06-25 19:04:28] Waiting for a free four-GPU slot (threshold=70000MiB): slot0[GPU0=19359MiB,GPU1=19359MiB,GPU2=19359MiB,GPU3=19359MiB] slot1[GPU4=19367MiB,GPU5=19367MiB,GPU6=19367MiB,GPU7=19367MiB]
[2026-06-25 19:09:29] Waiting for a free four-GPU slot (threshold=70000MiB): slot0[GPU0=19359MiB,GPU1=19359MiB,GPU2=19359MiB,GPU3=19359MiB] slot1[GPU4=19367MiB,GPU5=19367MiB,GPU6=19367MiB,GPU7=19367MiB]
[2026-06-25 19:14:31] Waiting for a free four-GPU slot (threshold=70000MiB): slot0[GPU0=19359MiB,GPU1=19359MiB,GPU2=19359MiB,GPU3=19359MiB] slot1[GPU4=19367MiB,GPU5=19367MiB,GPU6=19367MiB,GPU7=19367MiB]
[2026-06-25 19:19:32] Waiting for a free four-GPU slot (threshold=70000MiB): slot0[GPU0=19359MiB,GPU1=19359MiB,GPU2=19359MiB,GPU3=19359MiB] slot1[GPU4=19367MiB,GPU5=19367MiB,GPU6=19367MiB,GPU7=19367MiB]
[2026-06-25 19:24:34] Waiting for a free four-GPU slot (threshold=70000MiB): slot0[GPU0=19359MiB,GPU1=19359MiB,GPU2=19359MiB,GPU3=19359MiB] slot1[GPU4=19367MiB,GPU5=19367MiB,GPU6=19367MiB,GPU7=19367MiB]
[2026-06-25 19:29:34] Waiting for a free four-GPU slot (threshold=70000MiB): slot0[GPU0=19359MiB,GPU1=19359MiB,GPU2=19359MiB,GPU3=19359MiB] slot1[GPU4=19367MiB,GPU5=19367MiB,GPU6=19367MiB,GPU7=19367MiB]
[2026-06-25 19:34:35] Waiting for a free four-GPU slot (threshold=70000MiB): slot0[GPU0=19359MiB,GPU1=19359MiB,GPU2=19359MiB,GPU3=19359MiB] slot1[GPU4=19367MiB,GPU5=19367MiB,GPU6=19367MiB,GPU7=19367MiB]
[2026-06-25 19:39:35] Waiting for a free four-GPU slot (threshold=70000MiB): slot0[GPU0=19359MiB,GPU1=19359MiB,GPU2=19359MiB,GPU3=19359MiB] slot1[GPU4=19367MiB,GPU5=19367MiB,GPU6=19367MiB,GPU7=19367MiB]
[2026-06-25 19:44:37] Waiting for a free four-GPU slot (threshold=70000MiB): slot0[GPU0=19359MiB,GPU1=19359MiB,GPU2=19359MiB,GPU3=19359MiB] slot1[GPU4=19367MiB,GPU5=19367MiB,GPU6=19367MiB,GPU7=19367MiB]
[2026-06-25 19:49:38] Waiting for a free four-GPU slot (threshold=70000MiB): slot0[GPU0=19359MiB,GPU1=19359MiB,GPU2=19359MiB,GPU3=19359MiB] slot1[GPU4=19367MiB,GPU5=19367MiB,GPU6=19367MiB,GPU7=19367MiB]
[2026-06-25 19:54:39] Waiting for a free four-GPU slot (threshold=70000MiB): slot0[GPU0=19359MiB,GPU1=19359MiB,GPU2=19359MiB,GPU3=19359MiB] slot1[GPU4=19367MiB,GPU5=19367MiB,GPU6=19367MiB,GPU7=19367MiB]
[2026-06-25 19:59:40] Waiting for a free four-GPU slot (threshold=70000MiB): slot0[GPU0=19359MiB,GPU1=19359MiB,GPU2=19359MiB,GPU3=19359MiB] slot1[GPU4=19367MiB,GPU5=19367MiB,GPU6=19367MiB,GPU7=19367MiB]
[2026-06-25 20:04:42] Waiting for a free four-GPU slot (threshold=70000MiB): slot0[GPU0=19359MiB,GPU1=19359MiB,GPU2=19359MiB,GPU3=19359MiB] slot1[GPU4=19367MiB,GPU5=19367MiB,GPU6=19367MiB,GPU7=19367MiB]
[2026-06-25 20:09:42] Waiting for a free four-GPU slot (threshold=70000MiB): slot0[GPU0=19359MiB,GPU1=19359MiB,GPU2=19359MiB,GPU3=19359MiB] slot1[GPU4=19367MiB,GPU5=19367MiB,GPU6=19367MiB,GPU7=19367MiB]
[2026-06-25 20:14:42] Waiting for a free four-GPU slot (threshold=70000MiB): slot0[GPU0=19359MiB,GPU1=19359MiB,GPU2=19359MiB,GPU3=19359MiB] slot1[GPU4=19367MiB,GPU5=19367MiB,GPU6=19367MiB,GPU7=19367MiB]
[2026-06-25 20:19:44] Waiting for a free four-GPU slot (threshold=70000MiB): slot0[GPU0=19359MiB,GPU1=19359MiB,GPU2=19359MiB,GPU3=19359MiB] slot1[GPU4=19367MiB,GPU5=19367MiB,GPU6=19367MiB,GPU7=19367MiB]
[2026-06-25 20:24:45] Waiting for a free four-GPU slot (threshold=70000MiB): slot0[GPU0=19359MiB,GPU1=19359MiB,GPU2=19359MiB,GPU3=19359MiB] slot1[GPU4=19367MiB,GPU5=19367MiB,GPU6=19367MiB,GPU7=19367MiB]
[2026-06-25 20:29:47] Waiting for a free four-GPU slot (threshold=70000MiB): slot0[GPU0=19359MiB,GPU1=19359MiB,GPU2=19359MiB,GPU3=19359MiB] slot1[GPU4=19367MiB,GPU5=19367MiB,GPU6=19367MiB,GPU7=19367MiB]
[2026-06-25 20:34:47] Waiting for a free four-GPU slot (threshold=70000MiB): slot0[GPU0=19359MiB,GPU1=19359MiB,GPU2=19359MiB,GPU3=19359MiB] slot1[GPU4=19367MiB,GPU5=19367MiB,GPU6=19367MiB,GPU7=19367MiB]
[2026-06-25 20:39:49] Waiting for a free four-GPU slot (threshold=70000MiB): slot0[GPU0=19359MiB,GPU1=19359MiB,GPU2=19359MiB,GPU3=19359MiB] slot1[GPU4=19367MiB,GPU5=19367MiB,GPU6=19367MiB,GPU7=19367MiB]
[2026-06-25 20:44:50] Waiting for a free four-GPU slot (threshold=70000MiB): slot0[GPU0=19359MiB,GPU1=19359MiB,GPU2=19359MiB,GPU3=19359MiB] slot1[GPU4=19367MiB,GPU5=19367MiB,GPU6=19367MiB,GPU7=19367MiB]
[2026-06-25 20:49:52] Waiting for a free four-GPU slot (threshold=70000MiB): slot0[GPU0=19359MiB,GPU1=19359MiB,GPU2=19359MiB,GPU3=19359MiB] slot1[GPU4=19367MiB,GPU5=19367MiB,GPU6=19367MiB,GPU7=19367MiB]
[2026-06-25 20:51:52] Completed F_structured_raw_single_ae successfully; GPU slot 4,5,6,7 released.
[2026-06-25 20:51:52] Starting G_structured_raw_dual_ae_arm_future_hand_mask: config=pi0_xhand_tactile_structured_raw_dual_ae_arm_future_hand_mask, GPUs=4,5,6,7, assets=assets/pi0_xhand_tactile_structured_raw_dual_ae
[2026-06-25 20:51:52] Started G_structured_raw_dual_ae_arm_future_hand_mask: PID=369552, log=logs/G_structured_raw_dual_ae_arm_future_hand_mask_task1_2_206ep_20k_save5k_0625.log
[2026-06-25 20:53:52] Completed E_structured_raw_dual_ae successfully; GPU slot 0,1,2,3 released.
[2026-06-26 01:45:52] Completed G_structured_raw_dual_ae_arm_future_hand_mask successfully; GPU slot 4,5,6,7 released.
[2026-06-26 01:45:52] All queued experiments completed successfully.
