nohup: ignoring input
[2026-06-25 15:49:43] Dataset: data/task1_2_206ep
[2026-06-25 15:49:43] Asset ID: task1_2_206ep
[2026-06-25 15:49:43] Jobs: 4, steps=20000, batch=8, FSDP=1
[2026-06-25 15:49:43] Run tag: task1_2_206ep_20k_save5k_0625
[2026-06-25 15:49:43] Checkpoint overwrite is disabled; existing checkpoint dirs will stop the scheduler.
[2026-06-25 15:49:43] Two GPU slots: 0,1,2,3 and 4,5,6,7
[2026-06-25 15:49:43] GPU gate: every GPU in a slot must have at least 70000 MiB free.
[2026-06-25 15:49:43] GPU polling interval: 60s
[2026-06-25 15:49:43] Starting A_no_tactile: config=pi0_xhand_full_finetune, GPUs=0,1,2,3, assets=assets/pi0_xhand_tactile_structured_dual_ae
[2026-06-25 15:49:43] Started A_no_tactile: PID=552112, log=logs/A_no_tactile_task1_2_206ep_20k_save5k_0625.log
[2026-06-25 15:49:43] Starting B_structured_dual_ae: config=pi0_xhand_tactile_structured_dual_ae, GPUs=4,5,6,7, assets=assets/pi0_xhand_tactile_structured_dual_ae
[2026-06-25 15:49:43] Started B_structured_dual_ae: PID=552115, log=logs/B_structured_dual_ae_task1_2_206ep_20k_save5k_0625.log
[2026-06-25 15:49:43] Waiting for a free four-GPU slot (threshold=70000MiB): slot0[GPU0=81226MiB,GPU1=81226MiB,GPU2=81226MiB,GPU3=81226MiB] slot1[GPU4=81226MiB,GPU5=81226MiB,GPU6=81226MiB,GPU7=81226MiB]
[2026-06-25 15:54:44] Waiting for a free four-GPU slot (threshold=70000MiB): slot0[GPU0=80795MiB,GPU1=80803MiB,GPU2=80803MiB,GPU3=80803MiB] slot1[GPU4=80795MiB,GPU5=80803MiB,GPU6=80803MiB,GPU7=80803MiB]
[2026-06-25 15:59:44] Waiting for a free four-GPU slot (threshold=70000MiB): slot0[GPU0=19375MiB,GPU1=19375MiB,GPU2=19375MiB,GPU3=19375MiB] slot1[GPU4=19361MiB,GPU5=19361MiB,GPU6=19361MiB,GPU7=19361MiB]
[2026-06-25 16:04:45] Waiting for a free four-GPU slot (threshold=70000MiB): slot0[GPU0=19375MiB,GPU1=19375MiB,GPU2=19375MiB,GPU3=19375MiB] slot1[GPU4=19361MiB,GPU5=19361MiB,GPU6=19361MiB,GPU7=19361MiB]
[2026-06-25 16:09:45] Waiting for a free four-GPU slot (threshold=70000MiB): slot0[GPU0=19375MiB,GPU1=19375MiB,GPU2=19375MiB,GPU3=19375MiB] slot1[GPU4=19361MiB,GPU5=19361MiB,GPU6=19361MiB,GPU7=19361MiB]
[2026-06-25 16:14:45] Waiting for a free four-GPU slot (threshold=70000MiB): slot0[GPU0=19375MiB,GPU1=19375MiB,GPU2=19375MiB,GPU3=19375MiB] slot1[GPU4=19361MiB,GPU5=19361MiB,GPU6=19361MiB,GPU7=19361MiB]
[2026-06-25 16:19:46] Waiting for a free four-GPU slot (threshold=70000MiB): slot0[GPU0=19375MiB,GPU1=19375MiB,GPU2=19375MiB,GPU3=19375MiB] slot1[GPU4=19361MiB,GPU5=19361MiB,GPU6=19361MiB,GPU7=19361MiB]
[2026-06-25 16:24:46] Waiting for a free four-GPU slot (threshold=70000MiB): slot0[GPU0=19375MiB,GPU1=19375MiB,GPU2=19375MiB,GPU3=19375MiB] slot1[GPU4=19361MiB,GPU5=19361MiB,GPU6=19361MiB,GPU7=19361MiB]
[2026-06-25 16:29:46] Waiting for a free four-GPU slot (threshold=70000MiB): slot0[GPU0=19375MiB,GPU1=19375MiB,GPU2=19375MiB,GPU3=19375MiB] slot1[GPU4=19361MiB,GPU5=19361MiB,GPU6=19361MiB,GPU7=19361MiB]
[2026-06-25 16:34:47] Waiting for a free four-GPU slot (threshold=70000MiB): slot0[GPU0=19375MiB,GPU1=19375MiB,GPU2=19375MiB,GPU3=19375MiB] slot1[GPU4=19361MiB,GPU5=19361MiB,GPU6=19361MiB,GPU7=19361MiB]
[2026-06-25 16:39:47] Waiting for a free four-GPU slot (threshold=70000MiB): slot0[GPU0=19375MiB,GPU1=19375MiB,GPU2=19375MiB,GPU3=19375MiB] slot1[GPU4=19361MiB,GPU5=19361MiB,GPU6=19361MiB,GPU7=19361MiB]
[2026-06-25 16:44:47] Waiting for a free four-GPU slot (threshold=70000MiB): slot0[GPU0=19375MiB,GPU1=19375MiB,GPU2=19375MiB,GPU3=19375MiB] slot1[GPU4=19361MiB,GPU5=19361MiB,GPU6=19361MiB,GPU7=19361MiB]
[2026-06-25 16:49:48] Waiting for a free four-GPU slot (threshold=70000MiB): slot0[GPU0=19375MiB,GPU1=19375MiB,GPU2=19375MiB,GPU3=19375MiB] slot1[GPU4=19361MiB,GPU5=19361MiB,GPU6=19361MiB,GPU7=19361MiB]
[2026-06-25 16:54:48] Waiting for a free four-GPU slot (threshold=70000MiB): slot0[GPU0=19373MiB,GPU1=19373MiB,GPU2=19373MiB,GPU3=19373MiB] slot1[GPU4=19361MiB,GPU5=19361MiB,GPU6=19361MiB,GPU7=19361MiB]
[2026-06-25 16:59:48] Waiting for a free four-GPU slot (threshold=70000MiB): slot0[GPU0=19373MiB,GPU1=19373MiB,GPU2=19373MiB,GPU3=19373MiB] slot1[GPU4=19361MiB,GPU5=19361MiB,GPU6=19361MiB,GPU7=19361MiB]
[2026-06-25 17:04:49] Waiting for a free four-GPU slot (threshold=70000MiB): slot0[GPU0=19373MiB,GPU1=19373MiB,GPU2=19373MiB,GPU3=19373MiB] slot1[GPU4=19361MiB,GPU5=19361MiB,GPU6=19361MiB,GPU7=19361MiB]
[2026-06-25 17:09:49] Waiting for a free four-GPU slot (threshold=70000MiB): slot0[GPU0=19373MiB,GPU1=19373MiB,GPU2=19373MiB,GPU3=19373MiB] slot1[GPU4=19361MiB,GPU5=19361MiB,GPU6=19361MiB,GPU7=19361MiB]
[2026-06-25 17:14:49] Waiting for a free four-GPU slot (threshold=70000MiB): slot0[GPU0=19373MiB,GPU1=19373MiB,GPU2=19373MiB,GPU3=19373MiB] slot1[GPU4=19359MiB,GPU5=19359MiB,GPU6=19359MiB,GPU7=19359MiB]
[2026-06-25 17:19:50] Waiting for a free four-GPU slot (threshold=70000MiB): slot0[GPU0=19373MiB,GPU1=19373MiB,GPU2=19373MiB,GPU3=19373MiB] slot1[GPU4=19359MiB,GPU5=19359MiB,GPU6=19359MiB,GPU7=19359MiB]
[2026-06-25 17:24:50] Waiting for a free four-GPU slot (threshold=70000MiB): slot0[GPU0=19373MiB,GPU1=19373MiB,GPU2=19373MiB,GPU3=19373MiB] slot1[GPU4=19359MiB,GPU5=19359MiB,GPU6=19359MiB,GPU7=19359MiB]
[2026-06-25 17:29:50] Waiting for a free four-GPU slot (threshold=70000MiB): slot0[GPU0=19373MiB,GPU1=19373MiB,GPU2=19373MiB,GPU3=19373MiB] slot1[GPU4=19359MiB,GPU5=19359MiB,GPU6=19359MiB,GPU7=19359MiB]
[2026-06-25 17:34:51] Waiting for a free four-GPU slot (threshold=70000MiB): slot0[GPU0=19373MiB,GPU1=19373MiB,GPU2=19373MiB,GPU3=19373MiB] slot1[GPU4=19359MiB,GPU5=19359MiB,GPU6=19359MiB,GPU7=19359MiB]
[2026-06-25 17:39:51] Waiting for a free four-GPU slot (threshold=70000MiB): slot0[GPU0=19373MiB,GPU1=19373MiB,GPU2=19373MiB,GPU3=19373MiB] slot1[GPU4=19359MiB,GPU5=19359MiB,GPU6=19359MiB,GPU7=19359MiB]
[2026-06-25 17:44:51] Waiting for a free four-GPU slot (threshold=70000MiB): slot0[GPU0=19373MiB,GPU1=19373MiB,GPU2=19373MiB,GPU3=19373MiB] slot1[GPU4=19359MiB,GPU5=19359MiB,GPU6=19359MiB,GPU7=19359MiB]
[2026-06-25 17:49:52] Waiting for a free four-GPU slot (threshold=70000MiB): slot0[GPU0=19373MiB,GPU1=19373MiB,GPU2=19373MiB,GPU3=19373MiB] slot1[GPU4=19359MiB,GPU5=19359MiB,GPU6=19359MiB,GPU7=19359MiB]
[2026-06-25 17:54:52] Waiting for a free four-GPU slot (threshold=70000MiB): slot0[GPU0=19373MiB,GPU1=19373MiB,GPU2=19373MiB,GPU3=19373MiB] slot1[GPU4=19359MiB,GPU5=19359MiB,GPU6=19359MiB,GPU7=19359MiB]
[2026-06-25 17:59:52] Waiting for a free four-GPU slot (threshold=70000MiB): slot0[GPU0=19373MiB,GPU1=19373MiB,GPU2=19373MiB,GPU3=19373MiB] slot1[GPU4=19359MiB,GPU5=19359MiB,GPU6=19359MiB,GPU7=19359MiB]
[2026-06-25 18:04:52] Waiting for a free four-GPU slot (threshold=70000MiB): slot0[GPU0=19373MiB,GPU1=19373MiB,GPU2=19373MiB,GPU3=19373MiB] slot1[GPU4=19359MiB,GPU5=19359MiB,GPU6=19359MiB,GPU7=19359MiB]
[2026-06-25 18:09:53] Waiting for a free four-GPU slot (threshold=70000MiB): slot0[GPU0=19373MiB,GPU1=19373MiB,GPU2=19373MiB,GPU3=19373MiB] slot1[GPU4=19359MiB,GPU5=19359MiB,GPU6=19359MiB,GPU7=19359MiB]
[2026-06-25 18:14:53] Waiting for a free four-GPU slot (threshold=70000MiB): slot0[GPU0=19373MiB,GPU1=19373MiB,GPU2=19373MiB,GPU3=19373MiB] slot1[GPU4=19359MiB,GPU5=19359MiB,GPU6=19359MiB,GPU7=19359MiB]
[2026-06-25 18:19:53] Waiting for a free four-GPU slot (threshold=70000MiB): slot0[GPU0=19373MiB,GPU1=19373MiB,GPU2=19373MiB,GPU3=19373MiB] slot1[GPU4=19359MiB,GPU5=19359MiB,GPU6=19359MiB,GPU7=19359MiB]
[2026-06-25 18:24:54] Waiting for a free four-GPU slot (threshold=70000MiB): slot0[GPU0=19373MiB,GPU1=19373MiB,GPU2=19373MiB,GPU3=19373MiB] slot1[GPU4=19359MiB,GPU5=19359MiB,GPU6=19359MiB,GPU7=19359MiB]
[2026-06-25 18:29:54] Waiting for a free four-GPU slot (threshold=70000MiB): slot0[GPU0=19373MiB,GPU1=19373MiB,GPU2=19373MiB,GPU3=19373MiB] slot1[GPU4=19359MiB,GPU5=19359MiB,GPU6=19359MiB,GPU7=19359MiB]
[2026-06-25 18:34:54] Waiting for a free four-GPU slot (threshold=70000MiB): slot0[GPU0=19373MiB,GPU1=19373MiB,GPU2=19373MiB,GPU3=19373MiB] slot1[GPU4=19359MiB,GPU5=19359MiB,GPU6=19359MiB,GPU7=19359MiB]
[2026-06-25 18:39:55] Waiting for a free four-GPU slot (threshold=70000MiB): slot0[GPU0=19373MiB,GPU1=19373MiB,GPU2=19373MiB,GPU3=19373MiB] slot1[GPU4=19359MiB,GPU5=19359MiB,GPU6=19359MiB,GPU7=19359MiB]
[2026-06-25 18:44:55] Waiting for a free four-GPU slot (threshold=70000MiB): slot0[GPU0=19373MiB,GPU1=19373MiB,GPU2=19373MiB,GPU3=19373MiB] slot1[GPU4=19359MiB,GPU5=19359MiB,GPU6=19359MiB,GPU7=19359MiB]
[2026-06-25 18:49:55] Waiting for a free four-GPU slot (threshold=70000MiB): slot0[GPU0=19373MiB,GPU1=19373MiB,GPU2=19373MiB,GPU3=19373MiB] slot1[GPU4=19359MiB,GPU5=19359MiB,GPU6=19359MiB,GPU7=19359MiB]
[2026-06-25 18:54:56] Waiting for a free four-GPU slot (threshold=70000MiB): slot0[GPU0=19373MiB,GPU1=19373MiB,GPU2=19373MiB,GPU3=19373MiB] slot1[GPU4=19359MiB,GPU5=19359MiB,GPU6=19359MiB,GPU7=19359MiB]
[2026-06-25 18:59:56] Waiting for a free four-GPU slot (threshold=70000MiB): slot0[GPU0=19373MiB,GPU1=19373MiB,GPU2=19373MiB,GPU3=19373MiB] slot1[GPU4=19359MiB,GPU5=19359MiB,GPU6=19359MiB,GPU7=19359MiB]
[2026-06-25 19:04:56] Waiting for a free four-GPU slot (threshold=70000MiB): slot0[GPU0=19373MiB,GPU1=19373MiB,GPU2=19373MiB,GPU3=19373MiB] slot1[GPU4=19359MiB,GPU5=19359MiB,GPU6=19359MiB,GPU7=19359MiB]
[2026-06-25 19:09:57] Waiting for a free four-GPU slot (threshold=70000MiB): slot0[GPU0=19373MiB,GPU1=19373MiB,GPU2=19373MiB,GPU3=19373MiB] slot1[GPU4=19359MiB,GPU5=19359MiB,GPU6=19359MiB,GPU7=19359MiB]
[2026-06-25 19:14:57] Waiting for a free four-GPU slot (threshold=70000MiB): slot0[GPU0=19373MiB,GPU1=19373MiB,GPU2=19373MiB,GPU3=19373MiB] slot1[GPU4=19359MiB,GPU5=19359MiB,GPU6=19359MiB,GPU7=19359MiB]
[2026-06-25 19:19:57] Waiting for a free four-GPU slot (threshold=70000MiB): slot0[GPU0=19373MiB,GPU1=19373MiB,GPU2=19373MiB,GPU3=19373MiB] slot1[GPU4=19359MiB,GPU5=19359MiB,GPU6=19359MiB,GPU7=19359MiB]
[2026-06-25 19:24:57] Waiting for a free four-GPU slot (threshold=70000MiB): slot0[GPU0=19373MiB,GPU1=19373MiB,GPU2=19373MiB,GPU3=19373MiB] slot1[GPU4=19359MiB,GPU5=19359MiB,GPU6=19359MiB,GPU7=19359MiB]
[2026-06-25 19:29:58] Waiting for a free four-GPU slot (threshold=70000MiB): slot0[GPU0=19373MiB,GPU1=19373MiB,GPU2=19373MiB,GPU3=19373MiB] slot1[GPU4=19359MiB,GPU5=19359MiB,GPU6=19359MiB,GPU7=19359MiB]
[2026-06-25 19:31:58] Completed A_no_tactile successfully; GPU slot 0,1,2,3 released.
[2026-06-25 19:31:58] Starting C_structured_single_ae: config=pi0_xhand_tactile_structured_single_ae, GPUs=0,1,2,3, assets=assets/pi0_xhand_tactile_structured_dual_ae
[2026-06-25 19:31:58] Started C_structured_single_ae: PID=2745, log=logs/C_structured_single_ae_task1_2_206ep_20k_save5k_0625.log
[2026-06-25 19:34:58] Waiting for a free four-GPU slot (threshold=70000MiB): slot0[GPU0=80795MiB,GPU1=80803MiB,GPU2=80803MiB,GPU3=80803MiB] slot1[GPU4=19359MiB,GPU5=19359MiB,GPU6=19359MiB,GPU7=19359MiB]
[2026-06-25 19:39:59] Waiting for a free four-GPU slot (threshold=70000MiB): slot0[GPU0=19369MiB,GPU1=19369MiB,GPU2=19369MiB,GPU3=19369MiB] slot1[GPU4=19359MiB,GPU5=19359MiB,GPU6=19359MiB,GPU7=19359MiB]
[2026-06-25 19:44:59] Waiting for a free four-GPU slot (threshold=70000MiB): slot0[GPU0=19369MiB,GPU1=19369MiB,GPU2=19369MiB,GPU3=19369MiB] slot1[GPU4=19359MiB,GPU5=19359MiB,GPU6=19359MiB,GPU7=19359MiB]
[2026-06-25 19:49:59] Waiting for a free four-GPU slot (threshold=70000MiB): slot0[GPU0=19369MiB,GPU1=19369MiB,GPU2=19369MiB,GPU3=19369MiB] slot1[GPU4=19359MiB,GPU5=19359MiB,GPU6=19359MiB,GPU7=19359MiB]
[2026-06-25 19:55:00] Waiting for a free four-GPU slot (threshold=70000MiB): slot0[GPU0=19369MiB,GPU1=19369MiB,GPU2=19369MiB,GPU3=19369MiB] slot1[GPU4=19359MiB,GPU5=19359MiB,GPU6=19359MiB,GPU7=19359MiB]
[2026-06-25 20:00:00] Waiting for a free four-GPU slot (threshold=70000MiB): slot0[GPU0=19369MiB,GPU1=19369MiB,GPU2=19369MiB,GPU3=19369MiB] slot1[GPU4=19359MiB,GPU5=19359MiB,GPU6=19359MiB,GPU7=19359MiB]
[2026-06-25 20:05:00] Waiting for a free four-GPU slot (threshold=70000MiB): slot0[GPU0=19369MiB,GPU1=19369MiB,GPU2=19369MiB,GPU3=19369MiB] slot1[GPU4=19359MiB,GPU5=19359MiB,GPU6=19359MiB,GPU7=19359MiB]
[2026-06-25 20:10:00] Waiting for a free four-GPU slot (threshold=70000MiB): slot0[GPU0=19369MiB,GPU1=19369MiB,GPU2=19369MiB,GPU3=19369MiB] slot1[GPU4=19359MiB,GPU5=19359MiB,GPU6=19359MiB,GPU7=19359MiB]
[2026-06-25 20:15:01] Waiting for a free four-GPU slot (threshold=70000MiB): slot0[GPU0=19369MiB,GPU1=19369MiB,GPU2=19369MiB,GPU3=19369MiB] slot1[GPU4=19359MiB,GPU5=19359MiB,GPU6=19359MiB,GPU7=19359MiB]
[2026-06-25 20:20:01] Waiting for a free four-GPU slot (threshold=70000MiB): slot0[GPU0=19369MiB,GPU1=19369MiB,GPU2=19369MiB,GPU3=19369MiB] slot1[GPU4=19359MiB,GPU5=19359MiB,GPU6=19359MiB,GPU7=19359MiB]
[2026-06-25 20:25:01] Waiting for a free four-GPU slot (threshold=70000MiB): slot0[GPU0=19369MiB,GPU1=19369MiB,GPU2=19369MiB,GPU3=19369MiB] slot1[GPU4=19359MiB,GPU5=19359MiB,GPU6=19359MiB,GPU7=19359MiB]
[2026-06-25 20:30:02] Waiting for a free four-GPU slot (threshold=70000MiB): slot0[GPU0=19369MiB,GPU1=19369MiB,GPU2=19369MiB,GPU3=19369MiB] slot1[GPU4=19359MiB,GPU5=19359MiB,GPU6=19359MiB,GPU7=19359MiB]
[2026-06-25 20:35:02] Waiting for a free four-GPU slot (threshold=70000MiB): slot0[GPU0=19369MiB,GPU1=19369MiB,GPU2=19369MiB,GPU3=19369MiB] slot1[GPU4=19359MiB,GPU5=19359MiB,GPU6=19359MiB,GPU7=19359MiB]
[2026-06-25 20:40:02] Waiting for a free four-GPU slot (threshold=70000MiB): slot0[GPU0=19369MiB,GPU1=19369MiB,GPU2=19369MiB,GPU3=19369MiB] slot1[GPU4=19359MiB,GPU5=19359MiB,GPU6=19359MiB,GPU7=19359MiB]
[2026-06-25 20:45:03] Waiting for a free four-GPU slot (threshold=70000MiB): slot0[GPU0=19369MiB,GPU1=19369MiB,GPU2=19369MiB,GPU3=19369MiB] slot1[GPU4=19359MiB,GPU5=19359MiB,GPU6=19359MiB,GPU7=19359MiB]
[2026-06-25 20:50:03] Waiting for a free four-GPU slot (threshold=70000MiB): slot0[GPU0=19369MiB,GPU1=19369MiB,GPU2=19369MiB,GPU3=19369MiB] slot1[GPU4=19359MiB,GPU5=19359MiB,GPU6=19359MiB,GPU7=19359MiB]
[2026-06-25 20:55:03] Waiting for a free four-GPU slot (threshold=70000MiB): slot0[GPU0=19367MiB,GPU1=19367MiB,GPU2=19367MiB,GPU3=19367MiB] slot1[GPU4=19359MiB,GPU5=19359MiB,GPU6=19359MiB,GPU7=19359MiB]
[2026-06-25 20:57:04] Completed B_structured_dual_ae successfully; GPU slot 4,5,6,7 released.
[2026-06-25 20:57:04] Starting D_structured_dual_ae_arm_future_hand_mask: config=pi0_xhand_tactile_structured_dual_ae_arm_future_hand_mask, GPUs=4,5,6,7, assets=assets/pi0_xhand_tactile_structured_dual_ae
[2026-06-25 20:57:04] Started D_structured_dual_ae_arm_future_hand_mask: PID=16935, log=logs/D_structured_dual_ae_arm_future_hand_mask_task1_2_206ep_20k_save5k_0625.log
[2026-06-26 00:41:04] Completed C_structured_single_ae successfully; GPU slot 0,1,2,3 released.
[2026-06-26 02:05:04] Completed D_structured_dual_ae_arm_future_hand_mask successfully; GPU slot 4,5,6,7 released.
[2026-06-26 02:05:04] All queued experiments completed successfully.
