nohup: ignoring input
[2026-06-25 04:11:05] Dataset: data/task1_2_206ep
[2026-06-25 04:11:05] Asset ID: task1_2_206ep
[2026-06-25 04:11:05] Jobs: 3, steps=20000, batch=8, FSDP=1
[2026-06-25 04:11:05] Two GPU slots: 0,1,2,3 and 4,5,6,7
[2026-06-25 04:11:05] GPU gate: every GPU in a slot must have at least 70000 MiB free.
[2026-06-25 04:11:05] GPU polling interval: 60s
[2026-06-25 04:11:05] Starting E_structured_raw_dual_ae: config=pi0_xhand_tactile_structured_raw_dual_ae, GPUs=0,1,2,3, assets=assets/pi0_xhand_tactile_structured_raw_dual_ae
[2026-06-25 04:11:05] Started E_structured_raw_dual_ae: PID=235454, log=logs/E_structured_raw_dual_ae_task1_2_206ep_20k_0625.log
[2026-06-25 04:11:05] Starting F_structured_raw_single_ae: config=pi0_xhand_tactile_structured_raw_single_ae, GPUs=4,5,6,7, assets=assets/pi0_xhand_tactile_structured_raw_dual_ae
[2026-06-25 04:11:05] Started F_structured_raw_single_ae: PID=235457, log=logs/F_structured_raw_single_ae_task1_2_206ep_20k_0625.log
[2026-06-25 04:11:05] Waiting for a free four-GPU slot (threshold=70000MiB): slot0[GPU0=81226MiB,GPU1=81226MiB,GPU2=81226MiB,GPU3=81226MiB] slot1[GPU4=81226MiB,GPU5=81226MiB,GPU6=81226MiB,GPU7=81226MiB]
[2026-06-25 04:16:05] Waiting for a free four-GPU slot (threshold=70000MiB): slot0[GPU0=80795MiB,GPU1=80803MiB,GPU2=80803MiB,GPU3=80803MiB] slot1[GPU4=80795MiB,GPU5=80803MiB,GPU6=80803MiB,GPU7=80803MiB]
[2026-06-25 04:21:06] Waiting for a free four-GPU slot (threshold=70000MiB): slot0[GPU0=19395MiB,GPU1=19401MiB,GPU2=19401MiB,GPU3=19401MiB] slot1[GPU4=19369MiB,GPU5=19369MiB,GPU6=19369MiB,GPU7=19369MiB]
[2026-06-25 04:26:07] Waiting for a free four-GPU slot (threshold=70000MiB): slot0[GPU0=19395MiB,GPU1=19401MiB,GPU2=19401MiB,GPU3=19401MiB] slot1[GPU4=19369MiB,GPU5=19369MiB,GPU6=19369MiB,GPU7=19369MiB]
[2026-06-25 04:31:07] Waiting for a free four-GPU slot (threshold=70000MiB): slot0[GPU0=19361MiB,GPU1=19361MiB,GPU2=19361MiB,GPU3=19359MiB] slot1[GPU4=19369MiB,GPU5=19369MiB,GPU6=19369MiB,GPU7=19369MiB]
[2026-06-25 04:36:08] Waiting for a free four-GPU slot (threshold=70000MiB): slot0[GPU0=19361MiB,GPU1=19361MiB,GPU2=19361MiB,GPU3=19359MiB] slot1[GPU4=19369MiB,GPU5=19369MiB,GPU6=19369MiB,GPU7=19369MiB]
[2026-06-25 04:41:09] Waiting for a free four-GPU slot (threshold=70000MiB): slot0[GPU0=19361MiB,GPU1=19361MiB,GPU2=19361MiB,GPU3=19359MiB] slot1[GPU4=19369MiB,GPU5=19369MiB,GPU6=19369MiB,GPU7=19369MiB]
[2026-06-25 04:46:12] Waiting for a free four-GPU slot (threshold=70000MiB): slot0[GPU0=19361MiB,GPU1=19361MiB,GPU2=19361MiB,GPU3=19359MiB] slot1[GPU4=19369MiB,GPU5=19369MiB,GPU6=19369MiB,GPU7=19369MiB]
[2026-06-25 04:51:13] Waiting for a free four-GPU slot (threshold=70000MiB): slot0[GPU0=19361MiB,GPU1=19361MiB,GPU2=19361MiB,GPU3=19359MiB] slot1[GPU4=19369MiB,GPU5=19369MiB,GPU6=19369MiB,GPU7=19369MiB]
[2026-06-25 04:56:14] Waiting for a free four-GPU slot (threshold=70000MiB): slot0[GPU0=19361MiB,GPU1=19361MiB,GPU2=19361MiB,GPU3=19359MiB] slot1[GPU4=19369MiB,GPU5=19369MiB,GPU6=19369MiB,GPU7=19369MiB]
[2026-06-25 05:01:15] Waiting for a free four-GPU slot (threshold=70000MiB): slot0[GPU0=19361MiB,GPU1=19361MiB,GPU2=19361MiB,GPU3=19359MiB] slot1[GPU4=19369MiB,GPU5=19369MiB,GPU6=19369MiB,GPU7=19369MiB]
[2026-06-25 05:06:16] Waiting for a free four-GPU slot (threshold=70000MiB): slot0[GPU0=19361MiB,GPU1=19361MiB,GPU2=19361MiB,GPU3=19359MiB] slot1[GPU4=19369MiB,GPU5=19369MiB,GPU6=19369MiB,GPU7=19369MiB]
[2026-06-25 05:11:17] Waiting for a free four-GPU slot (threshold=70000MiB): slot0[GPU0=19361MiB,GPU1=19361MiB,GPU2=19361MiB,GPU3=19359MiB] slot1[GPU4=19369MiB,GPU5=19369MiB,GPU6=19369MiB,GPU7=19369MiB]
[2026-06-25 05:16:18] Waiting for a free four-GPU slot (threshold=70000MiB): slot0[GPU0=19361MiB,GPU1=19361MiB,GPU2=19361MiB,GPU3=19359MiB] slot1[GPU4=19369MiB,GPU5=19369MiB,GPU6=19369MiB,GPU7=19369MiB]
[2026-06-25 05:21:19] Waiting for a free four-GPU slot (threshold=70000MiB): slot0[GPU0=19361MiB,GPU1=19361MiB,GPU2=19361MiB,GPU3=19359MiB] slot1[GPU4=19369MiB,GPU5=19369MiB,GPU6=19369MiB,GPU7=19369MiB]
[2026-06-25 05:26:20] Waiting for a free four-GPU slot (threshold=70000MiB): slot0[GPU0=19361MiB,GPU1=19361MiB,GPU2=19361MiB,GPU3=19359MiB] slot1[GPU4=19369MiB,GPU5=19369MiB,GPU6=19369MiB,GPU7=19369MiB]
[2026-06-25 05:31:21] Waiting for a free four-GPU slot (threshold=70000MiB): slot0[GPU0=19361MiB,GPU1=19361MiB,GPU2=19361MiB,GPU3=19359MiB] slot1[GPU4=19367MiB,GPU5=19367MiB,GPU6=19367MiB,GPU7=19367MiB]
[2026-06-25 05:36:22] Waiting for a free four-GPU slot (threshold=70000MiB): slot0[GPU0=19361MiB,GPU1=19361MiB,GPU2=19361MiB,GPU3=19359MiB] slot1[GPU4=19367MiB,GPU5=19367MiB,GPU6=19367MiB,GPU7=19367MiB]
[2026-06-25 05:41:23] Waiting for a free four-GPU slot (threshold=70000MiB): slot0[GPU0=19359MiB,GPU1=19359MiB,GPU2=19359MiB,GPU3=19359MiB] slot1[GPU4=19367MiB,GPU5=19367MiB,GPU6=19367MiB,GPU7=19367MiB]
[2026-06-25 05:46:24] Waiting for a free four-GPU slot (threshold=70000MiB): slot0[GPU0=19359MiB,GPU1=19359MiB,GPU2=19359MiB,GPU3=19359MiB] slot1[GPU4=19367MiB,GPU5=19367MiB,GPU6=19367MiB,GPU7=19367MiB]
[2026-06-25 05:51:25] Waiting for a free four-GPU slot (threshold=70000MiB): slot0[GPU0=19359MiB,GPU1=19359MiB,GPU2=19359MiB,GPU3=19359MiB] slot1[GPU4=19367MiB,GPU5=19367MiB,GPU6=19367MiB,GPU7=19367MiB]
[2026-06-25 05:56:27] Waiting for a free four-GPU slot (threshold=70000MiB): slot0[GPU0=19359MiB,GPU1=19359MiB,GPU2=19359MiB,GPU3=19359MiB] slot1[GPU4=19367MiB,GPU5=19367MiB,GPU6=19367MiB,GPU7=19367MiB]
[2026-06-25 06:01:28] Waiting for a free four-GPU slot (threshold=70000MiB): slot0[GPU0=19359MiB,GPU1=19359MiB,GPU2=19359MiB,GPU3=19359MiB] slot1[GPU4=19367MiB,GPU5=19367MiB,GPU6=19367MiB,GPU7=19367MiB]
[2026-06-25 06:06:30] Waiting for a free four-GPU slot (threshold=70000MiB): slot0[GPU0=19359MiB,GPU1=19359MiB,GPU2=19359MiB,GPU3=19359MiB] slot1[GPU4=19367MiB,GPU5=19367MiB,GPU6=19367MiB,GPU7=19367MiB]
[2026-06-25 06:11:30] Waiting for a free four-GPU slot (threshold=70000MiB): slot0[GPU0=19359MiB,GPU1=19359MiB,GPU2=19359MiB,GPU3=19359MiB] slot1[GPU4=19367MiB,GPU5=19367MiB,GPU6=19367MiB,GPU7=19367MiB]
[2026-06-25 06:16:30] Waiting for a free four-GPU slot (threshold=70000MiB): slot0[GPU0=19359MiB,GPU1=19359MiB,GPU2=19359MiB,GPU3=19359MiB] slot1[GPU4=19367MiB,GPU5=19367MiB,GPU6=19367MiB,GPU7=19367MiB]
[2026-06-25 06:21:31] Waiting for a free four-GPU slot (threshold=70000MiB): slot0[GPU0=19359MiB,GPU1=19359MiB,GPU2=19359MiB,GPU3=19359MiB] slot1[GPU4=19367MiB,GPU5=19367MiB,GPU6=19367MiB,GPU7=19367MiB]
[2026-06-25 06:26:33] Waiting for a free four-GPU slot (threshold=70000MiB): slot0[GPU0=19359MiB,GPU1=19359MiB,GPU2=19359MiB,GPU3=19359MiB] slot1[GPU4=19367MiB,GPU5=19367MiB,GPU6=19367MiB,GPU7=19367MiB]
[2026-06-25 06:31:34] Waiting for a free four-GPU slot (threshold=70000MiB): slot0[GPU0=19359MiB,GPU1=19359MiB,GPU2=19359MiB,GPU3=19359MiB] slot1[GPU4=19367MiB,GPU5=19367MiB,GPU6=19367MiB,GPU7=19367MiB]
[2026-06-25 06:36:36] Waiting for a free four-GPU slot (threshold=70000MiB): slot0[GPU0=19359MiB,GPU1=19359MiB,GPU2=19359MiB,GPU3=19359MiB] slot1[GPU4=19367MiB,GPU5=19367MiB,GPU6=19367MiB,GPU7=19367MiB]
[2026-06-25 06:41:36] Waiting for a free four-GPU slot (threshold=70000MiB): slot0[GPU0=19359MiB,GPU1=19359MiB,GPU2=19359MiB,GPU3=19359MiB] slot1[GPU4=19367MiB,GPU5=19367MiB,GPU6=19367MiB,GPU7=19367MiB]
[2026-06-25 06:46:38] Waiting for a free four-GPU slot (threshold=70000MiB): slot0[GPU0=19359MiB,GPU1=19359MiB,GPU2=19359MiB,GPU3=19359MiB] slot1[GPU4=19367MiB,GPU5=19367MiB,GPU6=19367MiB,GPU7=19367MiB]
[2026-06-25 06:51:39] Waiting for a free four-GPU slot (threshold=70000MiB): slot0[GPU0=19359MiB,GPU1=19359MiB,GPU2=19359MiB,GPU3=19359MiB] slot1[GPU4=19367MiB,GPU5=19367MiB,GPU6=19367MiB,GPU7=19367MiB]
[2026-06-25 06:56:41] Waiting for a free four-GPU slot (threshold=70000MiB): slot0[GPU0=19359MiB,GPU1=19359MiB,GPU2=19359MiB,GPU3=19359MiB] slot1[GPU4=19367MiB,GPU5=19367MiB,GPU6=19367MiB,GPU7=19367MiB]
[2026-06-25 07:01:42] Waiting for a free four-GPU slot (threshold=70000MiB): slot0[GPU0=19359MiB,GPU1=19359MiB,GPU2=19359MiB,GPU3=19359MiB] slot1[GPU4=19367MiB,GPU5=19367MiB,GPU6=19367MiB,GPU7=19367MiB]
[2026-06-25 07:06:42] Waiting for a free four-GPU slot (threshold=70000MiB): slot0[GPU0=19359MiB,GPU1=19359MiB,GPU2=19359MiB,GPU3=19359MiB] slot1[GPU4=19367MiB,GPU5=19367MiB,GPU6=19367MiB,GPU7=19367MiB]
[2026-06-25 07:11:43] Waiting for a free four-GPU slot (threshold=70000MiB): slot0[GPU0=19359MiB,GPU1=19359MiB,GPU2=19359MiB,GPU3=19359MiB] slot1[GPU4=19367MiB,GPU5=19367MiB,GPU6=19367MiB,GPU7=19367MiB]
[2026-06-25 07:16:45] Waiting for a free four-GPU slot (threshold=70000MiB): slot0[GPU0=19359MiB,GPU1=19359MiB,GPU2=19359MiB,GPU3=19359MiB] slot1[GPU4=19367MiB,GPU5=19367MiB,GPU6=19367MiB,GPU7=19367MiB]
[2026-06-25 07:21:46] Waiting for a free four-GPU slot (threshold=70000MiB): slot0[GPU0=19359MiB,GPU1=19359MiB,GPU2=19359MiB,GPU3=19359MiB] slot1[GPU4=19367MiB,GPU5=19367MiB,GPU6=19367MiB,GPU7=19367MiB]
[2026-06-25 07:26:48] Waiting for a free four-GPU slot (threshold=70000MiB): slot0[GPU0=19359MiB,GPU1=19359MiB,GPU2=19359MiB,GPU3=19359MiB] slot1[GPU4=19367MiB,GPU5=19367MiB,GPU6=19367MiB,GPU7=19367MiB]
[2026-06-25 07:31:49] Waiting for a free four-GPU slot (threshold=70000MiB): slot0[GPU0=19359MiB,GPU1=19359MiB,GPU2=19359MiB,GPU3=19359MiB] slot1[GPU4=19367MiB,GPU5=19367MiB,GPU6=19367MiB,GPU7=19367MiB]
[2026-06-25 07:36:50] Waiting for a free four-GPU slot (threshold=70000MiB): slot0[GPU0=19359MiB,GPU1=19359MiB,GPU2=19359MiB,GPU3=19359MiB] slot1[GPU4=19367MiB,GPU5=19367MiB,GPU6=19367MiB,GPU7=19367MiB]
[2026-06-25 07:41:50] Waiting for a free four-GPU slot (threshold=70000MiB): slot0[GPU0=19359MiB,GPU1=19359MiB,GPU2=19359MiB,GPU3=19359MiB] slot1[GPU4=19367MiB,GPU5=19367MiB,GPU6=19367MiB,GPU7=19367MiB]
[2026-06-25 07:46:51] Waiting for a free four-GPU slot (threshold=70000MiB): slot0[GPU0=19359MiB,GPU1=19359MiB,GPU2=19359MiB,GPU3=19359MiB] slot1[GPU4=19367MiB,GPU5=19367MiB,GPU6=19367MiB,GPU7=19367MiB]
[2026-06-25 07:51:52] Waiting for a free four-GPU slot (threshold=70000MiB): slot0[GPU0=19359MiB,GPU1=19359MiB,GPU2=19359MiB,GPU3=19359MiB] slot1[GPU4=19367MiB,GPU5=19367MiB,GPU6=19367MiB,GPU7=19367MiB]
[2026-06-25 07:56:52] Waiting for a free four-GPU slot (threshold=70000MiB): slot0[GPU0=19359MiB,GPU1=19359MiB,GPU2=19359MiB,GPU3=19359MiB] slot1[GPU4=19367MiB,GPU5=19367MiB,GPU6=19367MiB,GPU7=19367MiB]
[2026-06-25 08:01:54] Waiting for a free four-GPU slot (threshold=70000MiB): slot0[GPU0=19359MiB,GPU1=19359MiB,GPU2=19359MiB,GPU3=19359MiB] slot1[GPU4=19367MiB,GPU5=19367MiB,GPU6=19367MiB,GPU7=19367MiB]
[2026-06-25 08:06:55] Waiting for a free four-GPU slot (threshold=70000MiB): slot0[GPU0=19359MiB,GPU1=19359MiB,GPU2=19359MiB,GPU3=19359MiB] slot1[GPU4=19367MiB,GPU5=19367MiB,GPU6=19367MiB,GPU7=19367MiB]
[2026-06-25 08:11:55] Waiting for a free four-GPU slot (threshold=70000MiB): slot0[GPU0=19359MiB,GPU1=19359MiB,GPU2=19359MiB,GPU3=19359MiB] slot1[GPU4=19367MiB,GPU5=19367MiB,GPU6=19367MiB,GPU7=19367MiB]
[2026-06-25 08:16:55] Waiting for a free four-GPU slot (threshold=70000MiB): slot0[GPU0=19359MiB,GPU1=19359MiB,GPU2=19359MiB,GPU3=19359MiB] slot1[GPU4=19367MiB,GPU5=19367MiB,GPU6=19367MiB,GPU7=19367MiB]
[2026-06-25 08:21:56] Waiting for a free four-GPU slot (threshold=70000MiB): slot0[GPU0=19359MiB,GPU1=19359MiB,GPU2=19359MiB,GPU3=19359MiB] slot1[GPU4=19367MiB,GPU5=19367MiB,GPU6=19367MiB,GPU7=19367MiB]
[2026-06-25 08:26:56] Waiting for a free four-GPU slot (threshold=70000MiB): slot0[GPU0=19359MiB,GPU1=19359MiB,GPU2=19359MiB,GPU3=19359MiB] slot1[GPU4=19367MiB,GPU5=19367MiB,GPU6=19367MiB,GPU7=19367MiB]
[2026-06-25 08:31:59] Waiting for a free four-GPU slot (threshold=70000MiB): slot0[GPU0=19359MiB,GPU1=19359MiB,GPU2=19359MiB,GPU3=19359MiB] slot1[GPU4=19367MiB,GPU5=19367MiB,GPU6=19367MiB,GPU7=19367MiB]
[2026-06-25 08:36:59] Waiting for a free four-GPU slot (threshold=70000MiB): slot0[GPU0=19359MiB,GPU1=19359MiB,GPU2=19359MiB,GPU3=19359MiB] slot1[GPU4=19367MiB,GPU5=19367MiB,GPU6=19367MiB,GPU7=19367MiB]
[2026-06-25 08:42:00] Waiting for a free four-GPU slot (threshold=70000MiB): slot0[GPU0=19359MiB,GPU1=19359MiB,GPU2=19359MiB,GPU3=19359MiB] slot1[GPU4=19367MiB,GPU5=19367MiB,GPU6=19367MiB,GPU7=19367MiB]
[2026-06-25 08:47:00] Waiting for a free four-GPU slot (threshold=70000MiB): slot0[GPU0=19359MiB,GPU1=19359MiB,GPU2=19359MiB,GPU3=19359MiB] slot1[GPU4=19367MiB,GPU5=19367MiB,GPU6=19367MiB,GPU7=19367MiB]
[2026-06-25 08:52:01] Waiting for a free four-GPU slot (threshold=70000MiB): slot0[GPU0=19359MiB,GPU1=19359MiB,GPU2=19359MiB,GPU3=19359MiB] slot1[GPU4=19367MiB,GPU5=19367MiB,GPU6=19367MiB,GPU7=19367MiB]
[2026-06-25 08:57:02] Waiting for a free four-GPU slot (threshold=70000MiB): slot0[GPU0=19359MiB,GPU1=19359MiB,GPU2=19359MiB,GPU3=19359MiB] slot1[GPU4=19367MiB,GPU5=19367MiB,GPU6=19367MiB,GPU7=19367MiB]
[2026-06-25 09:02:02] Waiting for a free four-GPU slot (threshold=70000MiB): slot0[GPU0=19359MiB,GPU1=19359MiB,GPU2=19359MiB,GPU3=19359MiB] slot1[GPU4=19367MiB,GPU5=19367MiB,GPU6=19367MiB,GPU7=19367MiB]
[2026-06-25 09:07:03] Completed F_structured_raw_single_ae successfully; GPU slot 4,5,6,7 released.
[2026-06-25 09:07:03] Starting G_structured_raw_dual_ae_arm_future_hand_mask: config=pi0_xhand_tactile_structured_raw_dual_ae_arm_future_hand_mask, GPUs=4,5,6,7, assets=assets/pi0_xhand_tactile_structured_raw_dual_ae
[2026-06-25 09:07:03] Started G_structured_raw_dual_ae_arm_future_hand_mask: PID=253889, log=logs/G_structured_raw_dual_ae_arm_future_hand_mask_task1_2_206ep_20k_0625.log
[2026-06-25 09:18:03] Completed E_structured_raw_dual_ae successfully; GPU slot 0,1,2,3 released.
[2026-06-25 14:10:04] Completed G_structured_raw_dual_ae_arm_future_hand_mask successfully; GPU slot 4,5,6,7 released.
[2026-06-25 14:10:04] All queued experiments completed successfully.
